Archive member included to satisfy reference by file (symbol)

/usr/local/mcuxpressoide-11.3.1_5262/ide/plugins/com.nxp.mcuxpresso.tools.linux_11.3.0.202011031536/tools/bin/../lib/gcc/arm-none-eabi/9.3.1/../../../../arm-none-eabi/lib/thumb/v7e-m+fp/hard/libcr_semihost_nf.a(_cr__main.o)
                              ./startup/startup_mimxrt1021.o (__main)
/usr/local/mcuxpressoide-11.3.1_5262/ide/plugins/com.nxp.mcuxpresso.tools.linux_11.3.0.202011031536/tools/bin/../lib/gcc/arm-none-eabi/9.3.1/../../../../arm-none-eabi/lib/thumb/v7e-m+fp/hard/libcr_semihost_nf.a(_cr_assert.o)
                              ./drivers/amc/time.o (__assertion_failed)
/usr/local/mcuxpressoide-11.3.1_5262/ide/plugins/com.nxp.mcuxpresso.tools.linux_11.3.0.202011031536/tools/bin/../lib/gcc/arm-none-eabi/9.3.1/../../../../arm-none-eabi/lib/thumb/v7e-m+fp/hard/libcr_semihost_nf.a(__ciob.o)
                              /usr/local/mcuxpressoide-11.3.1_5262/ide/plugins/com.nxp.mcuxpresso.tools.linux_11.3.0.202011031536/tools/bin/../lib/gcc/arm-none-eabi/9.3.1/../../../../arm-none-eabi/lib/thumb/v7e-m+fp/hard/libcr_semihost_nf.a(_cr_assert.o) (__Ciob)
/usr/local/mcuxpressoide-11.3.1_5262/ide/plugins/com.nxp.mcuxpresso.tools.linux_11.3.0.202011031536/tools/bin/../lib/gcc/arm-none-eabi/9.3.1/../../../../arm-none-eabi/lib/thumb/v7e-m+fp/hard/libcr_semihost_nf.a(__sys_appexit.o)
                              /usr/local/mcuxpressoide-11.3.1_5262/ide/plugins/com.nxp.mcuxpresso.tools.linux_11.3.0.202011031536/tools/bin/../lib/gcc/arm-none-eabi/9.3.1/../../../../arm-none-eabi/lib/thumb/v7e-m+fp/hard/libcr_semihost_nf.a(_cr_assert.o) (__sys_appexit)
/usr/local/mcuxpressoide-11.3.1_5262/ide/plugins/com.nxp.mcuxpresso.tools.linux_11.3.0.202011031536/tools/bin/../lib/gcc/arm-none-eabi/9.3.1/../../../../arm-none-eabi/lib/thumb/v7e-m+fp/hard/libcr_c.a(memcpy.o)
                              ./utilities/fsl_str.o (memcpy)
/usr/local/mcuxpressoide-11.3.1_5262/ide/plugins/com.nxp.mcuxpresso.tools.linux_11.3.0.202011031536/tools/bin/../lib/gcc/arm-none-eabi/9.3.1/../../../../arm-none-eabi/lib/thumb/v7e-m+fp/hard/libcr_c.a(memset.o)
                              ./drivers/fsl_gpt.o (memset)
/usr/local/mcuxpressoide-11.3.1_5262/ide/plugins/com.nxp.mcuxpresso.tools.linux_11.3.0.202011031536/tools/bin/../lib/gcc/arm-none-eabi/9.3.1/../../../../arm-none-eabi/lib/thumb/v7e-m+fp/hard/libcr_c.a(_deferredlazyseek.o)
                              /usr/local/mcuxpressoide-11.3.1_5262/ide/plugins/com.nxp.mcuxpresso.tools.linux_11.3.0.202011031536/tools/bin/../lib/gcc/arm-none-eabi/9.3.1/../../../../arm-none-eabi/lib/thumb/v7e-m+fp/hard/libcr_semihost_nf.a(_cr_assert.o) (__flsbuf)
/usr/local/mcuxpressoide-11.3.1_5262/ide/plugins/com.nxp.mcuxpresso.tools.linux_11.3.0.202011031536/tools/bin/../lib/gcc/arm-none-eabi/9.3.1/../../../../arm-none-eabi/lib/thumb/v7e-m+fp/hard/libcr_c.a(_fflush.o)
                              /usr/local/mcuxpressoide-11.3.1_5262/ide/plugins/com.nxp.mcuxpresso.tools.linux_11.3.0.202011031536/tools/bin/../lib/gcc/arm-none-eabi/9.3.1/../../../../arm-none-eabi/lib/thumb/v7e-m+fp/hard/libcr_c.a(_deferredlazyseek.o) (_fflush)
/usr/local/mcuxpressoide-11.3.1_5262/ide/plugins/com.nxp.mcuxpresso.tools.linux_11.3.0.202011031536/tools/bin/../lib/gcc/arm-none-eabi/9.3.1/../../../../arm-none-eabi/lib/thumb/v7e-m+fp/hard/libcr_c.a(_writebuf.o)
                              /usr/local/mcuxpressoide-11.3.1_5262/ide/plugins/com.nxp.mcuxpresso.tools.linux_11.3.0.202011031536/tools/bin/../lib/gcc/arm-none-eabi/9.3.1/../../../../arm-none-eabi/lib/thumb/v7e-m+fp/hard/libcr_c.a(_deferredlazyseek.o) (_Cwritebuf)
/usr/local/mcuxpressoide-11.3.1_5262/ide/plugins/com.nxp.mcuxpresso.tools.linux_11.3.0.202011031536/tools/bin/../lib/gcc/arm-none-eabi/9.3.1/../../../../arm-none-eabi/lib/thumb/v7e-m+fp/hard/libcr_c.a(alloc.o)
                              ./drivers/fsl_common.o (malloc)
/usr/local/mcuxpressoide-11.3.1_5262/ide/plugins/com.nxp.mcuxpresso.tools.linux_11.3.0.202011031536/tools/bin/../lib/gcc/arm-none-eabi/9.3.1/../../../../arm-none-eabi/lib/thumb/v7e-m+fp/hard/libcr_c.a(errno.o)
                              ./utilities/fsl_str.o (errno)
/usr/local/mcuxpressoide-11.3.1_5262/ide/plugins/com.nxp.mcuxpresso.tools.linux_11.3.0.202011031536/tools/bin/../lib/gcc/arm-none-eabi/9.3.1/../../../../arm-none-eabi/lib/thumb/v7e-m+fp/hard/libcr_c.a(fputs.o)
                              /usr/local/mcuxpressoide-11.3.1_5262/ide/plugins/com.nxp.mcuxpresso.tools.linux_11.3.0.202011031536/tools/bin/../lib/gcc/arm-none-eabi/9.3.1/../../../../arm-none-eabi/lib/thumb/v7e-m+fp/hard/libcr_semihost_nf.a(_cr_assert.o) (fputs)
/usr/local/mcuxpressoide-11.3.1_5262/ide/plugins/com.nxp.mcuxpresso.tools.linux_11.3.0.202011031536/tools/bin/../lib/gcc/arm-none-eabi/9.3.1/../../../../arm-none-eabi/lib/thumb/v7e-m+fp/hard/libcr_c.a(fseek.o)
[...]
Memory Configuration

Name             Origin             Length             Attributes
BOARD_FLASH      0x0000000060000000 0x0000000000800000 xr
SRAM_DTC         0x0000000020000000 0x0000000000010000 xrw
SRAM_ITC         0x0000000000000000 0x0000000000010000 xrw
SRAM_OC          0x0000000020200000 0x0000000000020000 xrw
BOARD_SDRAM      0x0000000080000000 0x0000000001e00000 xrw
NCACHE_REGION    0x0000000081e00000 0x0000000000200000 xrw
*default*        0x0000000000000000 0xffffffffffffffff

Linker script and memory map

LOAD ./xip/evkmimxrt1020_flexspi_nor_config.o
LOAD ./xip/fsl_flexspi_nor_boot.o
LOAD ./utilities/fsl_debug_console.o
LOAD ./utilities/fsl_str.o
LOAD ./startup/startup_mimxrt1021.o
LOAD ./source/MIMXRT1021_Project_DigitalBack.o
LOAD ./source/semihost_hardfault.o
LOAD ./drivers/amc/hc_sr04.o
LOAD ./drivers/amc/max7219.o
LOAD ./drivers/amc/time.o
LOAD ./drivers/fsl_clock.o
LOAD ./drivers/fsl_common.o
LOAD ./drivers/fsl_gpio.o
LOAD ./drivers/fsl_gpt.o
LOAD ./drivers/fsl_lpspi.o
LOAD ./drivers/fsl_lpuart.o
LOAD ./device/system_MIMXRT1021.o
LOAD ./component/uart/fsl_adapter_lpuart.o
LOAD ./component/serial_manager/fsl_component_serial_manager.o
LOAD ./component/serial_manager/fsl_component_serial_port_uart.o
LOAD ./component/lists/fsl_component_generic_list.o
LOAD ./board/board.o
LOAD ./board/clock_config.o
LOAD ./board/dcd.o
LOAD ./board/peripherals.o
LOAD ./board/pin_mux.o
START GROUP
LOAD /usr/local/mcuxpressoide-11.3.1_5262/ide/plugins/com.nxp.mcuxpresso.tools.linux_11.3.0.202011031536/tools/bin/../lib/gcc/arm-none-eabi/9.3.1/../../../../arm-none-eabi/lib/thumb/v7e-m+fp/hard/libcr_semihost_nf.a
LOAD /usr/local/mcuxpressoide-11.3.1_5262/ide/plugins/com.nxp.mcuxpresso.tools.linux_11.3.0.202011031536/tools/bin/../lib/gcc/arm-none-eabi/9.3.1/../../../../arm-none-eabi/lib/thumb/v7e-m+fp/hard/libcr_c.a
LOAD /usr/local/mcuxpressoide-11.3.1_5262/ide/plugins/com.nxp.mcuxpresso.tools.linux_11.3.0.202011031536/tools/bin/../lib/gcc/arm-none-eabi/9.3.1/thumb/v7e-m+fp/hard/libcr_eabihelpers.a
LOAD /usr/local/mcuxpressoide-11.3.1_5262/ide/plugins/com.nxp.mcuxpresso.tools.linux_11.3.0.202011031536/tools/bin/../lib/gcc/arm-none-eabi/9.3.1/thumb/v7e-m+fp/hard/libgcc.a
END GROUP
                0x0000000060000000                __base_BOARD_FLASH = 0x60000000
                0x0000000060000000                __base_Flash = 0x60000000
                0x0000000060800000                __top_BOARD_FLASH = 0x60800000
                0x0000000060800000                __top_Flash = 0x60800000
                0x0000000020000000                __base_SRAM_DTC = 0x20000000
                0x0000000020000000                __base_RAM = 0x20000000
                0x0000000020010000                __top_SRAM_DTC = 0x20010000
                0x0000000020010000                __top_RAM = 0x20010000
                0x0000000000000000                __base_SRAM_ITC = 0x0
                0x0000000000000000                __base_RAM2 = 0x0
                0x0000000000010000                __top_SRAM_ITC = 0x10000
                0x0000000000010000                __top_RAM2 = 0x10000
                0x0000000020200000                __base_SRAM_OC = 0x20200000
                0x0000000020200000                __base_RAM3 = 0x20200000
                0x0000000020220000                __top_SRAM_OC = 0x20220000
                0x0000000020220000                __top_RAM3 = 0x20220000
                0x0000000080000000                __base_BOARD_SDRAM = 0x80000000
                0x0000000080000000                __base_RAM4 = 0x80000000
                0x0000000081e00000                __top_BOARD_SDRAM = 0x81e00000
                0x0000000081e00000                __top_RAM4 = 0x81e00000
                0x0000000081e00000                __base_NCACHE_REGION = 0x81e00000
                0x0000000081e00000                __base_RAM5 = 0x81e00000
                0x0000000082000000                __top_NCACHE_REGION = 0x82000000
                0x0000000082000000                __top_RAM5 = 0x82000000

.boot_hdr       0x0000000060000000     0x2000
 FILL mask 0xff
                0x0000000060000000                __boot_hdr_start__ = ABSOLUTE (.)
 *(SORT_BY_ALIGNMENT(.boot_hdr.conf))
 .boot_hdr.conf
                0x0000000060000000      0x200 ./xip/evkmimxrt1020_flexspi_nor_config.o
                0x0000000060000000                qspiflash_config
                0x0000000000001000                . = 0x1000
 *fill*         0x0000000060000200      0xe00 ff
 *(SORT_BY_ALIGNMENT(.boot_hdr.ivt))
 .boot_hdr.ivt  0x0000000060001000       0x20 ./xip/fsl_flexspi_nor_boot.o
                0x0000000060001000                image_vector_table
                0x0000000000001020                . = 0x1020
 *(SORT_BY_ALIGNMENT(.boot_hdr.boot_data))
 .boot_hdr.boot_data
                0x0000000060001020       0x10 ./xip/fsl_flexspi_nor_boot.o
                0x0000000060001020                boot_data
                0x0000000000001030                . = 0x1030
 *(SORT_BY_ALIGNMENT(.boot_hdr.dcd_data))
                0x0000000060001030                __boot_hdr_end__ = ABSOLUTE (.)
                0x0000000000002000                . = 0x2000
 *fill*         0x0000000060001030      0xfd0 ff

.text           0x0000000060002000     0x601c
 FILL mask 0xff
                0x0000000060002000                __vectors_start__ = ABSOLUTE (.)
 *(SORT_BY_ALIGNMENT(.isr_vector))
 .isr_vector    0x0000000060002000      0x278 ./startup/startup_mimxrt1021.o
                0x0000000060002000                __Vectors
                0x0000000060002000                g_pfnVectors
                0x0000000060002278                . = ALIGN (0x4)
                0x0000000060002278                __section_table_start = .
                0x0000000060002278                __data_section_table = .
                0x0000000060002278        0x4 LONG 0x6000801c LOADADDR (.data)
                0x000000006000227c        0x4 LONG 0x20000000 ADDR (.data)
                0x0000000060002280        0x4 LONG 0x8 SIZEOF (.data)
                0x0000000060002284        0x4 LONG 0x6000801c LOADADDR (.data_RAM2)
                0x0000000060002288        0x4 LONG 0x0 ADDR (.data_RAM2)
                0x000000006000228c        0x4 LONG 0x0 SIZEOF (.data_RAM2)
                0x0000000060002290        0x4 LONG 0x6000801c LOADADDR (.data_RAM3)
                0x0000000060002294        0x4 LONG 0x20200000 ADDR (.data_RAM3)
                0x0000000060002298        0x4 LONG 0x0 SIZEOF (.data_RAM3)
                0x000000006000229c        0x4 LONG 0x6000801c LOADADDR (.data_RAM4)
                0x00000000600022a0        0x4 LONG 0x80000000 ADDR (.data_RAM4)
                0x00000000600022a4        0x4 LONG 0x0 SIZEOF (.data_RAM4)
                0x00000000600022a8        0x4 LONG 0x6000801c LOADADDR (.data_RAM5)
                0x00000000600022ac        0x4 LONG 0x81e00000 ADDR (.data_RAM5)
                0x00000000600022b0        0x4 LONG 0x0 SIZEOF (.data_RAM5)
                0x00000000600022b4                __data_section_table_end = .
                0x00000000600022b4                __bss_section_table = .
                0x00000000600022b4        0x4 LONG 0x20000008 ADDR (.bss)
                0x00000000600022b8        0x4 LONG 0x150 SIZEOF (.bss)
                0x00000000600022bc        0x4 LONG 0x0 ADDR (.bss_RAM2)
                0x00000000600022c0        0x4 LONG 0x0 SIZEOF (.bss_RAM2)
                0x00000000600022c4        0x4 LONG 0x20200000 ADDR (.bss_RAM3)
                0x00000000600022c8        0x4 LONG 0x0 SIZEOF (.bss_RAM3)
                0x00000000600022cc        0x4 LONG 0x80000000 ADDR (.bss_RAM4)
                0x00000000600022d0        0x4 LONG 0x0 SIZEOF (.bss_RAM4)
                0x00000000600022d4        0x4 LONG 0x81e00000 ADDR (.bss_RAM5)
                0x00000000600022d8        0x4 LONG 0x0 SIZEOF (.bss_RAM5)
                0x00000000600022dc                __bss_section_table_end = .
                0x00000000600022dc                __section_table_end = .
 *(SORT_BY_ALIGNMENT(.after_vectors*))
 .after_vectors.reset
                0x00000000600022dc       0x58 ./startup/startup_mimxrt1021.o
                0x00000000600022dc                ResetISR
 .after_vectors.init_data
                0x0000000060002334       0x1e ./startup/startup_mimxrt1021.o
                0x0000000060002334                data_init
 .after_vectors.init_bss
                0x0000000060002352       0x12 ./startup/startup_mimxrt1021.o
                0x0000000060002352                bss_init
 .after_vectors
                0x0000000060002364       0x14 ./startup/startup_mimxrt1021.o
                0x0000000060002364                NMI_Handler
                0x0000000060002368                MemManage_Handler
                0x000000006000236a                BusFault_Handler
                0x000000006000236c                UsageFault_Handler
                0x000000006000236e                SVC_Handler
                0x0000000060002370                DebugMon_Handler
                0x0000000060002372                PendSV_Handler
                0x0000000060002374                SysTick_Handler
                0x0000000060002376                ACMP4_DriverIRQHandler
                0x0000000060002376                Reserved87_DriverIRQHandler
                0x0000000060002376                KPP_DriverIRQHandler
                0x0000000060002376                SAI3_RX_DriverIRQHandler
                0x0000000060002376                CCM_2_DriverIRQHandler
                0x0000000060002376                PIT_DriverIRQHandler
                0x0000000060002376                Reserved102_DriverIRQHandler
                0x0000000060002376                Reserved152_DriverIRQHandler
                0x0000000060002376                DMA13_DMA29_DriverIRQHandler
                0x0000000060002376                FLEXRAM_DriverIRQHandler
                0x0000000060002376                SEMC_DriverIRQHandler
                0x0000000060002376                SPDIF_DriverIRQHandler
                0x0000000060002376                USB_PHY_DriverIRQHandler
                0x0000000060002376                GPIO3_Combined_0_15_DriverIRQHandler
                0x0000000060002376                Reserved82_DriverIRQHandler
                0x0000000060002376                DMA7_DMA23_DriverIRQHandler
                0x0000000060002376                BEE_DriverIRQHandler
                0x0000000060002376                LPI2C3_DriverIRQHandler
                0x0000000060002376                GPR_IRQ_DriverIRQHandler
                0x0000000060002376                Reserved103_DriverIRQHandler
                0x0000000060002376                PWM2_FAULT_DriverIRQHandler
                0x0000000060002376                Reserved56_DriverIRQHandler
                0x0000000060002376                DMA14_DMA30_DriverIRQHandler
                0x0000000060002376                TMR1_DriverIRQHandler
                0x0000000060002376                TRNG_DriverIRQHandler
                0x0000000060002376                ENET_1588_Timer_DriverIRQHandler
                0x0000000060002376                GPIO2_Combined_16_31_DriverIRQHandler
                0x0000000060002376                Reserved143_DriverIRQHandler
                0x0000000060002376                Reserved151_DriverIRQHandler
                0x0000000060002376                DMA0_DMA16_DriverIRQHandler
                0x0000000060002376                IntDefaultHandler
                0x0000000060002376                DMA2_DMA18_DriverIRQHandler
                0x0000000060002376                SRC_DriverIRQHandler
                0x0000000060002376                GPIO1_INT4_DriverIRQHandler
                0x0000000060002376                Reserved144_DriverIRQHandler
                0x0000000060002376                USDHC1_DriverIRQHandler
                0x0000000060002376                SNVS_LP_HP_WRAPPER_DriverIRQHandler
                0x0000000060002376                EWM_DriverIRQHandler
                0x0000000060002376                WDOG1_DriverIRQHandler
                0x0000000060002376                FLEXIO1_DriverIRQHandler
                0x0000000060002376                ENET_DriverIRQHandler
                0x0000000060002376                Reserved78_DriverIRQHandler
                0x0000000060002376                ENC2_DriverIRQHandler
                0x0000000060002376                ADC_ETC_IRQ2_DriverIRQHandler
                0x0000000060002376                GPIO1_Combined_16_31_DriverIRQHandler
                0x0000000060002376                GPIO1_INT7_DriverIRQHandler
                0x0000000060002376                SAI1_DriverIRQHandler
                0x0000000060002376                DCDC_DriverIRQHandler
                0x0000000060002376                DMA12_DMA28_DriverIRQHandler
                0x0000000060002376                ADC_ETC_ERROR_IRQ_DriverIRQHandler
                0x0000000060002376                ACMP2_DriverIRQHandler
                0x0000000060002376                GPIO5_Combined_0_15_DriverIRQHandler
                0x0000000060002376                GPIO1_INT0_DriverIRQHandler
                0x0000000060002376                GPIO1_INT2_DriverIRQHandler
                0x0000000060002376                RTWDOG_DriverIRQHandler
                0x0000000060002376                FLEXSPI_DriverIRQHandler
                0x0000000060002376                GPT2_DriverIRQHandler
                0x0000000060002376                DMA10_DMA26_DriverIRQHandler
                0x0000000060002376                PWM2_1_DriverIRQHandler
                0x0000000060002376                PWM1_1_DriverIRQHandler
                0x0000000060002376                ADC1_DriverIRQHandler
                0x0000000060002376                Reserved148_DriverIRQHandler
                0x0000000060002376                PWM1_0_DriverIRQHandler
                0x0000000060002376                DMA1_DMA17_DriverIRQHandler
                0x0000000060002376                ENC1_DriverIRQHandler
                0x0000000060002376                CAN2_DriverIRQHandler
                0x0000000060002376                DCP_DriverIRQHandler
                0x0000000060002376                CTI0_ERROR_DriverIRQHandler
                0x0000000060002376                DMA8_DMA24_DriverIRQHandler
                0x0000000060002376                GPT1_DriverIRQHandler
                0x0000000060002376                ACMP3_DriverIRQHandler
                0x0000000060002376                DMA6_DMA22_DriverIRQHandler
                0x0000000060002376                CSU_DriverIRQHandler
                0x0000000060002376                GPIO1_INT5_DriverIRQHandler
                0x0000000060002376                TMR2_DriverIRQHandler
                0x0000000060002376                CTI1_ERROR_DriverIRQHandler
                0x0000000060002376                GPIO1_Combined_0_15_DriverIRQHandler
                0x0000000060002376                USDHC2_DriverIRQHandler
                0x0000000060002376                SAI2_DriverIRQHandler
                0x0000000060002376                CORE_DriverIRQHandler
                0x0000000060002376                Reserved147_DriverIRQHandler
                0x0000000060002376                DMA11_DMA27_DriverIRQHandler
                0x0000000060002376                PWM2_3_DriverIRQHandler
                0x0000000060002376                Reserved60_DriverIRQHandler
                0x0000000060002376                XBAR1_IRQ_2_3_DriverIRQHandler
                0x0000000060002376                SNVS_HP_WRAPPER_TZ_DriverIRQHandler
                0x0000000060002376                GPIO3_Combined_16_31_DriverIRQHandler
                0x0000000060002376                PWM1_FAULT_DriverIRQHandler
                0x0000000060002376                LPI2C1_DriverIRQHandler
                0x0000000060002376                PWM2_2_DriverIRQHandler
                0x0000000060002376                Reserved128_DriverIRQHandler
                0x0000000060002376                DMA4_DMA20_DriverIRQHandler
                0x0000000060002376                DMA9_DMA25_DriverIRQHandler
                0x0000000060002376                SNVS_HP_WRAPPER_DriverIRQHandler
                0x0000000060002376                XBAR1_IRQ_0_1_DriverIRQHandler
                0x0000000060002376                ADC_ETC_IRQ1_DriverIRQHandler
                0x0000000060002376                DMA3_DMA19_DriverIRQHandler
                0x0000000060002376                GPIO1_INT3_DriverIRQHandler
                0x0000000060002376                DCP_VMI_DriverIRQHandler
                0x0000000060002376                LPI2C4_DriverIRQHandler
                0x0000000060002376                GPC_DriverIRQHandler
                0x0000000060002376                Reserved123_DriverIRQHandler
                0x0000000060002376                GPIO2_Combined_0_15_DriverIRQHandler
                0x0000000060002376                PWM1_2_DriverIRQHandler
                0x0000000060002376                USB_OTG1_DriverIRQHandler
                0x0000000060002376                TEMP_LOW_HIGH_DriverIRQHandler
                0x0000000060002376                SAI3_TX_DriverIRQHandler
                0x0000000060002376                WDOG2_DriverIRQHandler
                0x0000000060002376                Reserved68_DriverIRQHandler
                0x0000000060002376                PMU_DriverIRQHandler
                0x0000000060002376                Reserved59_DriverIRQHandler
                0x0000000060002376                GPIO5_Combined_16_31_DriverIRQHandler
                0x0000000060002376                DMA5_DMA21_DriverIRQHandler
                0x0000000060002376                CCM_1_DriverIRQHandler
                0x0000000060002376                ADC2_DriverIRQHandler
                0x0000000060002376                Reserved58_DriverIRQHandler
                0x0000000060002376                Reserved115_DriverIRQHandler
                0x0000000060002376                TEMP_PANIC_DriverIRQHandler
                0x0000000060002376                DMA15_DMA31_DriverIRQHandler
                0x0000000060002376                Reserved107_DriverIRQHandler
                0x0000000060002376                PWM1_3_DriverIRQHandler
                0x0000000060002376                Reserved70_DriverIRQHandler
                0x0000000060002376                ACMP1_DriverIRQHandler
                0x0000000060002376                LPI2C2_DriverIRQHandler
                0x0000000060002376                Reserved86_DriverIRQHandler
                0x0000000060002376                DMA_ERROR_DriverIRQHandler
                0x0000000060002376                ADC_ETC_IRQ0_DriverIRQHandler
                0x0000000060002376                CAN1_DriverIRQHandler
                0x0000000060002376                GPIO1_INT6_DriverIRQHandler
                0x0000000060002376                GPIO1_INT1_DriverIRQHandler
                0x0000000060002376                PWM2_0_DriverIRQHandler
 *(SORT_BY_ALIGNMENT(.text*))
 .text.LPSPI_MasterSetDelayTimes
                0x0000000060002378      0x224 ./drivers/fsl_lpspi.o
                0x0000000060002378                LPSPI_MasterSetDelayTimes
 .text.main     0x000000006000259c      0x210 ./source/MIMXRT1021_Project_DigitalBack.o
                0x000000006000259c                main
 .text.__NVIC_EnableIRQ
                0x00000000600027ac       0x3c ./drivers/amc/hc_sr04.o
 .text.HC_SR04_IRQHandler
                0x00000000600027e8       0x70 ./drivers/amc/hc_sr04.o
                0x00000000600027e8                HC_SR04_IRQHandler
 .text.HC_SR04_initializePins
                0x0000000060002858       0x5c ./drivers/amc/hc_sr04.o
                0x0000000060002858                HC_SR04_initializePins
 .text.HC_SR04_initializeD14Pin
                0x00000000600028b4       0x5c ./drivers/amc/hc_sr04.o
                0x00000000600028b4                HC_SR04_initializeD14Pin
 .text.HC_SR04_measure
                0x0000000060002910       0xa4 ./drivers/amc/hc_sr04.o
                0x0000000060002910                HC_SR04_measure
 .text.MAX7219_transfer
                0x00000000600029b4       0x28 ./drivers/amc/max7219.o
                0x00000000600029b4                MAX7219_transfer
 .text.MAX7219_displayDigit
                0x00000000600029dc       0xa8 ./drivers/amc/max7219.o
                0x00000000600029dc                MAX7219_displayDigit
 .text.MAX7219_initialize
                0x0000000060002a84       0x8c ./drivers/amc/max7219.o
                0x0000000060002a84                MAX7219_initialize
 .text.__NVIC_EnableIRQ
                0x0000000060002b10       0x3c ./drivers/amc/time.o
 .text.GPT_SetOutputOperationMode
                0x0000000060002b4c       0x5c ./drivers/amc/time.o
 .text.GPT_SetOutputCompareValue
                0x0000000060002ba8       0x34 ./drivers/amc/time.o
 .text.GPT1_IRQHandler
                0x0000000060002bdc       0x68 ./drivers/amc/time.o
                0x0000000060002bdc                GPT1_IRQHandler
 .text.TIME_initialize
                0x0000000060002c44       0x4c ./drivers/amc/time.o
                0x0000000060002c44                TIME_initialize
 .text.TIME_StartMicroTimer
                0x0000000060002c90       0x28 ./drivers/amc/time.o
                0x0000000060002c90                TIME_StartMicroTimer
 .text.TIME_StopMicroTimer
                0x0000000060002cb8       0x4c ./drivers/amc/time.o
                0x0000000060002cb8                TIME_StopMicroTimer
 .text.TIME_DelayMicro
                0x0000000060002d04       0x2c ./drivers/amc/time.o
                0x0000000060002d04                TIME_DelayMicro
 .text.TIME_DelayMilli
                0x0000000060002d30       0x34 ./drivers/amc/time.o
                0x0000000060002d30                TIME_DelayMilli
 .text.CLOCK_InitExternalClk
                0x0000000060002d64       0x6c ./drivers/fsl_clock.o
                0x0000000060002d64                CLOCK_InitExternalClk
 .text.CLOCK_SwitchOsc
                0x0000000060002dd0       0x34 ./drivers/fsl_clock.o
                0x0000000060002dd0                CLOCK_SwitchOsc
 .text.CLOCK_InitRcOsc24M
                0x0000000060002e04       0x24 ./drivers/fsl_clock.o
                0x0000000060002e04                CLOCK_InitRcOsc24M
 .text.CLOCK_InitSysPll
                0x0000000060002e28       0x9c ./drivers/fsl_clock.o
                0x0000000060002e28                CLOCK_InitSysPll
 .text.CLOCK_DeinitAudioPll
                0x0000000060002ec4       0x1c ./drivers/fsl_clock.o
                0x0000000060002ec4                CLOCK_DeinitAudioPll
 .text.CLOCK_InitEnetPll
                0x0000000060002ee0       0xa4 ./drivers/fsl_clock.o
                0x0000000060002ee0                CLOCK_InitEnetPll
 .text.CLOCK_InitSysPfd
                0x0000000060002f84       0x64 ./drivers/fsl_clock.o
                0x0000000060002f84                CLOCK_InitSysPfd
 .text.CLOCK_ControlGate
                0x0000000060002fe8       0x64 ./drivers/fsl_gpio.o
 .text.GPIO_GetInstance
                0x000000006000304c       0x4c ./drivers/fsl_gpio.o
 .text.GPIO_PinInit
                0x0000000060003098       0xa4 ./drivers/fsl_gpio.o
                0x0000000060003098                GPIO_PinInit
 .text.GPIO_PinWrite
                0x000000006000313c       0x48 ./drivers/fsl_gpio.o
                0x000000006000313c                GPIO_PinWrite
 .text.GPIO_PinSetInterruptConfig
                0x0000000060003184       0xfc ./drivers/fsl_gpio.o
                0x0000000060003184                GPIO_PinSetInterruptConfig
 .text.CLOCK_ControlGate
                0x0000000060003280       0x64 ./drivers/fsl_gpt.o
 .text.GPT_SetClockDivider
                0x00000000600032e4       0x40 ./drivers/fsl_gpt.o
 .text.GPT_GetInstance
                0x0000000060003324       0x4c ./drivers/fsl_gpt.o
 .text.GPT_Init
                0x0000000060003370       0xc4 ./drivers/fsl_gpt.o
                0x0000000060003370                GPT_Init
 .text.GPT_GetDefaultConfig
                0x0000000060003434       0x5c ./drivers/fsl_gpt.o
                0x0000000060003434                GPT_GetDefaultConfig
 .text.CLOCK_ControlGate
                0x0000000060003490       0x64 ./drivers/fsl_lpspi.o
 .text.LPSPI_GetInstance
                0x00000000600034f4       0x50 ./drivers/fsl_lpspi.o
                0x00000000600034f4                LPSPI_GetInstance
 .text.LPSPI_SetDummyData
                0x0000000060003544       0x2c ./drivers/fsl_lpspi.o
                0x0000000060003544                LPSPI_SetDummyData
 .text.LPSPI_MasterInit
                0x0000000060003570      0x11c ./drivers/fsl_lpspi.o
                0x0000000060003570                LPSPI_MasterInit
 .text.LPSPI_MasterGetDefaultConfig
                0x000000006000368c       0x98 ./drivers/fsl_lpspi.o
                0x000000006000368c                LPSPI_MasterGetDefaultConfig
 .text.LPSPI_MasterSetBaudRate
                0x0000000060003724       0xf8 ./drivers/fsl_lpspi.o
                0x0000000060003724                LPSPI_MasterSetBaudRate
 .text.LPSPI_MasterSetDelayScaler
                0x000000006000381c       0x78 ./drivers/fsl_lpspi.o
                0x000000006000381c                LPSPI_MasterSetDelayScaler
 .text.LPSPI_CheckTransferArgument
                0x0000000060003894       0x98 ./drivers/fsl_lpspi.o
                0x0000000060003894                LPSPI_CheckTransferArgument
 .text.LPSPI_MasterTransferBlocking
                0x000000006000392c      0x30c ./drivers/fsl_lpspi.o
                0x000000006000392c                LPSPI_MasterTransferBlocking
 .text.LPSPI_CombineWriteData
                0x0000000060003c38      0x1bc ./drivers/fsl_lpspi.o
 .text.LPSPI_SeparateReadData
                0x0000000060003df4      0x1b0 ./drivers/fsl_lpspi.o
 .text.LPSPI_CommonIRQHandler
                0x0000000060003fa4       0x44 ./drivers/fsl_lpspi.o
 .text.LPSPI1_DriverIRQHandler
                0x0000000060003fe8       0x30 ./drivers/fsl_lpspi.o
                0x0000000060003fe8                LPSPI1_DriverIRQHandler
 .text.LPSPI2_DriverIRQHandler
                0x0000000060004018       0x30 ./drivers/fsl_lpspi.o
                0x0000000060004018                LPSPI2_DriverIRQHandler
 .text.LPSPI3_DriverIRQHandler
                0x0000000060004048       0x30 ./drivers/fsl_lpspi.o
                0x0000000060004048                LPSPI3_DriverIRQHandler
 .text.LPSPI4_DriverIRQHandler
                0x0000000060004078       0x30 ./drivers/fsl_lpspi.o
                0x0000000060004078                LPSPI4_DriverIRQHandler
 .text.CLOCK_ControlGate
                0x00000000600040a8       0x64 ./drivers/fsl_lpuart.o
 .text.LPUART_GetInstance
                0x000000006000410c       0x4c ./drivers/fsl_lpuart.o
                0x000000006000410c                LPUART_GetInstance
 .text.LPUART_Init
                0x0000000060004158      0x310 ./drivers/fsl_lpuart.o
                0x0000000060004158                LPUART_Init
 .text.LPUART_GetDefaultConfig
                0x0000000060004468       0x88 ./drivers/fsl_lpuart.o
                0x0000000060004468                LPUART_GetDefaultConfig
 .text.LPUART_WriteBlocking
                0x00000000600044f0       0x68 ./drivers/fsl_lpuart.o
                0x00000000600044f0                LPUART_WriteBlocking
 .text.LPUART1_DriverIRQHandler
                0x0000000060004558       0x28 ./drivers/fsl_lpuart.o
                0x0000000060004558                LPUART1_DriverIRQHandler
 .text.LPUART2_DriverIRQHandler
                0x0000000060004580       0x28 ./drivers/fsl_lpuart.o
                0x0000000060004580                LPUART2_DriverIRQHandler
 .text.LPUART3_DriverIRQHandler
                0x00000000600045a8       0x28 ./drivers/fsl_lpuart.o
                0x00000000600045a8                LPUART3_DriverIRQHandler
 .text.LPUART4_DriverIRQHandler
                0x00000000600045d0       0x28 ./drivers/fsl_lpuart.o
                0x00000000600045d0                LPUART4_DriverIRQHandler
 .text.LPUART5_DriverIRQHandler
                0x00000000600045f8       0x28 ./drivers/fsl_lpuart.o
                0x00000000600045f8                LPUART5_DriverIRQHandler
 .text.LPUART6_DriverIRQHandler
                0x0000000060004620       0x28 ./drivers/fsl_lpuart.o
                0x0000000060004620                LPUART6_DriverIRQHandler
 .text.LPUART7_DriverIRQHandler
                0x0000000060004648       0x28 ./drivers/fsl_lpuart.o
                0x0000000060004648                LPUART7_DriverIRQHandler
 .text.LPUART8_DriverIRQHandler
                0x0000000060004670       0x28 ./drivers/fsl_lpuart.o
                0x0000000060004670                LPUART8_DriverIRQHandler
 .text.SystemInit
                0x0000000060004698      0x1d8 ./device/system_MIMXRT1021.o
                0x0000000060004698                SystemInit
 .text.CLOCK_SetMux
                0x0000000060004870       0x9c ./board/clock_config.o
 .text.CLOCK_SetDiv
                0x000000006000490c       0x9c ./board/clock_config.o
 .text.CLOCK_ControlGate
                0x00000000600049a8       0x64 ./board/clock_config.o
 .text.CLOCK_SetXtalFreq
                0x0000000060004a0c       0x20 ./board/clock_config.o
 .text.CLOCK_SetRtcXtalFreq
                0x0000000060004a2c       0x20 ./board/clock_config.o
 .text.IOMUXC_EnableMode
                0x0000000060004a4c       0x48 ./board/clock_config.o
 .text.IOMUXC_MQSConfig
                0x0000000060004a94       0x44 ./board/clock_config.o
 .text.BOARD_BootClockRUN
                0x0000000060004ad8      0x4ec ./board/clock_config.o
                0x0000000060004ad8                BOARD_BootClockRUN
 .text.CLOCK_ControlGate
                0x0000000060004fc4       0x64 ./board/pin_mux.o
 .text.ARDUINO  0x0000000060005028      0x4d0 ./board/pin_mux.o
                0x0000000060005028                ARDUINO
 .text.__assertion_failed
                0x00000000600054f8       0x4c /usr/local/mcuxpressoide-11.3.1_5262/ide/plugins/com.nxp.mcuxpresso.tools.linux_11.3.0.202011031536/tools/bin/../lib/gcc/arm-none-eabi/9.3.1/../../../../arm-none-eabi/lib/thumb/v7e-m+fp/hard/libcr_semihost_nf.a(_cr_assert.o)
                0x00000000600054f8                __assertion_failed
 .text.__sys_appexit
                0x0000000060005544        0xc /usr/local/mcuxpressoide-11.3.1_5262/ide/plugins/com.nxp.mcuxpresso.tools.linux_11.3.0.202011031536/tools/bin/../lib/gcc/arm-none-eabi/9.3.1/../../../../arm-none-eabi/lib/thumb/v7e-m+fp/hard/libcr_semihost_nf.a(__sys_appexit.o)
                0x0000000060005544                __exit
                0x0000000060005544                __sys_appexit
 .text._Cwritebuf
                0x0000000060005550       0x6c /usr/local/mcuxpressoide-11.3.1_5262/ide/plugins/com.nxp.mcuxpresso.tools.linux_11.3.0.202011031536/tools/bin/../lib/gcc/arm-none-eabi/9.3.1/../../../../arm-none-eabi/lib/thumb/v7e-m+fp/hard/libcr_c.a(_writebuf.o)
                0x0000000060005550                _Cwritebuf
 .text.malloc   0x00000000600055bc       0xc8 /usr/local/mcuxpressoide-11.3.1_5262/ide/plugins/com.nxp.mcuxpresso.tools.linux_11.3.0.202011031536/tools/bin/../lib/gcc/arm-none-eabi/9.3.1/../../../../arm-none-eabi/lib/thumb/v7e-m+fp/hard/libcr_c.a(alloc.o)
                0x00000000600055bc                malloc
 .text._Csys_alloc
                0x0000000060005684       0x20 /usr/local/mcuxpressoide-11.3.1_5262/ide/plugins/com.nxp.mcuxpresso.tools.linux_11.3.0.202011031536/tools/bin/../lib/gcc/arm-none-eabi/9.3.1/../../../../arm-none-eabi/lib/thumb/v7e-m+fp/hard/libcr_c.a(alloc.o)
                0x0000000060005684                _Csys_alloc
 .text.fseek    0x00000000600056a4      0x100 /usr/local/mcuxpressoide-11.3.1_5262/ide/plugins/com.nxp.mcuxpresso.tools.linux_11.3.0.202011031536/tools/bin/../lib/gcc/arm-none-eabi/9.3.1/../../../../arm-none-eabi/lib/thumb/v7e-m+fp/hard/libcr_c.a(fseek.o)
                0x00000000600056a4                fseek
 .text.ftell    0x00000000600057a4       0x44 /usr/local/mcuxpressoide-11.3.1_5262/ide/plugins/com.nxp.mcuxpresso.tools.linux_11.3.0.202011031536/tools/bin/../lib/gcc/arm-none-eabi/9.3.1/../../../../arm-none-eabi/lib/thumb/v7e-m+fp/hard/libcr_c.a(ftell.o)
                0x00000000600057a4                ftell
 .text._initio  0x00000000600057e8       0x78 /usr/local/mcuxpressoide-11.3.1_5262/ide/plugins/com.nxp.mcuxpresso.tools.linux_11.3.0.202011031536/tools/bin/../lib/gcc/arm-none-eabi/9.3.1/../../../../arm-none-eabi/lib/thumb/v7e-m+fp/hard/libcr_c.a(initio.o)
                0x00000000600057e8                _initio
 .text.__vfprintf
                0x0000000060005860      0xce8 /usr/local/mcuxpressoide-11.3.1_5262/ide/plugins/com.nxp.mcuxpresso.tools.linux_11.3.0.202011031536/tools/bin/../lib/gcc/arm-none-eabi/9.3.1/../../../../arm-none-eabi/lib/thumb/v7e-m+fp/hard/libcr_c.a(printf.o)
                0x0000000060005860                __vfprintf
 .text._sprintf
                0x0000000060006548       0x6c /usr/local/mcuxpressoide-11.3.1_5262/ide/plugins/com.nxp.mcuxpresso.tools.linux_11.3.0.202011031536/tools/bin/../lib/gcc/arm-none-eabi/9.3.1/../../../../arm-none-eabi/lib/thumb/v7e-m+fp/hard/libcr_c.a(printf.o)
                0x0000000060006548                _sprintf
 .text._sbrk    0x00000000600065b4       0x3c /usr/local/mcuxpressoide-11.3.1_5262/ide/plugins/com.nxp.mcuxpresso.tools.linux_11.3.0.202011031536/tools/bin/../lib/gcc/arm-none-eabi/9.3.1/../../../../arm-none-eabi/lib/thumb/v7e-m+fp/hard/libcr_c.a(_cr_sbrk.o)
                0x00000000600065b4                _sbrk
 .text.fflush   0x00000000600065f0       0x44 /usr/local/mcuxpressoide-11.3.1_5262/ide/plugins/com.nxp.mcuxpresso.tools.linux_11.3.0.202011031536/tools/bin/../lib/gcc/arm-none-eabi/9.3.1/../../../../arm-none-eabi/lib/thumb/v7e-m+fp/hard/libcr_c.a(fflush.o)
                0x00000000600065f0                fflush
 .text.__check_heap_overflow
                0x0000000060006634       0x18 /usr/local/mcuxpressoide-11.3.1_5262/ide/plugins/com.nxp.mcuxpresso.tools.linux_11.3.0.202011031536/tools/bin/../lib/gcc/arm-none-eabi/9.3.1/../../../../arm-none-eabi/lib/thumb/v7e-m+fp/hard/libcr_c.a(_cr_check_heap.o)
                0x0000000060006634                __check_heap_overflow
 .text.DMA0_DMA16_IRQHandler
                0x000000006000664c        0x8 ./startup/startup_mimxrt1021.o
                0x000000006000664c                DMA0_DMA16_IRQHandler
 .text.DMA1_DMA17_IRQHandler
                0x0000000060006654        0x8 ./startup/startup_mimxrt1021.o
                0x0000000060006654                DMA1_DMA17_IRQHandler
 .text.DMA2_DMA18_IRQHandler
                0x000000006000665c        0x8 ./startup/startup_mimxrt1021.o
                0x000000006000665c                DMA2_DMA18_IRQHandler
 .text.DMA3_DMA19_IRQHandler
                0x0000000060006664        0x8 ./startup/startup_mimxrt1021.o
                0x0000000060006664                DMA3_DMA19_IRQHandler
 .text.DMA4_DMA20_IRQHandler
                0x000000006000666c        0x8 ./startup/startup_mimxrt1021.o
                0x000000006000666c                DMA4_DMA20_IRQHandler
 .text.DMA5_DMA21_IRQHandler
                0x0000000060006674        0x8 ./startup/startup_mimxrt1021.o
                0x0000000060006674                DMA5_DMA21_IRQHandler
 .text.DMA6_DMA22_IRQHandler
                0x000000006000667c        0x8 ./startup/startup_mimxrt1021.o
                0x000000006000667c                DMA6_DMA22_IRQHandler
 .text.DMA7_DMA23_IRQHandler
                0x0000000060006684        0x8 ./startup/startup_mimxrt1021.o
                0x0000000060006684                DMA7_DMA23_IRQHandler
 .text.DMA8_DMA24_IRQHandler
                0x000000006000668c        0x8 ./startup/startup_mimxrt1021.o
                0x000000006000668c                DMA8_DMA24_IRQHandler
 .text.DMA9_DMA25_IRQHandler
                0x0000000060006694        0x8 ./startup/startup_mimxrt1021.o
                0x0000000060006694                DMA9_DMA25_IRQHandler
 .text.DMA10_DMA26_IRQHandler
                0x000000006000669c        0x8 ./startup/startup_mimxrt1021.o
                0x000000006000669c                DMA10_DMA26_IRQHandler
 .text.DMA11_DMA27_IRQHandler
                0x00000000600066a4        0x8 ./startup/startup_mimxrt1021.o
                0x00000000600066a4                DMA11_DMA27_IRQHandler
 .text.DMA12_DMA28_IRQHandler
                0x00000000600066ac        0x8 ./startup/startup_mimxrt1021.o
                0x00000000600066ac                DMA12_DMA28_IRQHandler
 .text.DMA13_DMA29_IRQHandler
                0x00000000600066b4        0x8 ./startup/startup_mimxrt1021.o
                0x00000000600066b4                DMA13_DMA29_IRQHandler
 .text.DMA14_DMA30_IRQHandler
                0x00000000600066bc        0x8 ./startup/startup_mimxrt1021.o
                0x00000000600066bc                DMA14_DMA30_IRQHandler
 .text.DMA15_DMA31_IRQHandler
                0x00000000600066c4        0x8 ./startup/startup_mimxrt1021.o
                0x00000000600066c4                DMA15_DMA31_IRQHandler
 .text.DMA_ERROR_IRQHandler
                0x00000000600066cc        0x8 ./startup/startup_mimxrt1021.o
                0x00000000600066cc                DMA_ERROR_IRQHandler
 .text.CTI0_ERROR_IRQHandler
                0x00000000600066d4        0x8 ./startup/startup_mimxrt1021.o
                0x00000000600066d4                CTI0_ERROR_IRQHandler
 .text.CTI1_ERROR_IRQHandler
                0x00000000600066dc        0x8 ./startup/startup_mimxrt1021.o
                0x00000000600066dc                CTI1_ERROR_IRQHandler
 .text.CORE_IRQHandler
                0x00000000600066e4        0x8 ./startup/startup_mimxrt1021.o
                0x00000000600066e4                CORE_IRQHandler
 .text.LPUART1_IRQHandler
                0x00000000600066ec        0x8 ./startup/startup_mimxrt1021.o
                0x00000000600066ec                LPUART1_IRQHandler
 .text.LPUART2_IRQHandler
                0x00000000600066f4        0x8 ./startup/startup_mimxrt1021.o
                0x00000000600066f4                LPUART2_IRQHandler
 .text.LPUART3_IRQHandler
                0x00000000600066fc        0x8 ./startup/startup_mimxrt1021.o
                0x00000000600066fc                LPUART3_IRQHandler
 .text.LPUART4_IRQHandler
                0x0000000060006704        0x8 ./startup/startup_mimxrt1021.o
                0x0000000060006704                LPUART4_IRQHandler
 .text.LPUART5_IRQHandler
                0x000000006000670c        0x8 ./startup/startup_mimxrt1021.o
                0x000000006000670c                LPUART5_IRQHandler
 .text.LPUART6_IRQHandler
                0x0000000060006714        0x8 ./startup/startup_mimxrt1021.o
                0x0000000060006714                LPUART6_IRQHandler
 .text.LPUART7_IRQHandler
                0x000000006000671c        0x8 ./startup/startup_mimxrt1021.o
                0x000000006000671c                LPUART7_IRQHandler
 .text.LPUART8_IRQHandler
                0x0000000060006724        0x8 ./startup/startup_mimxrt1021.o
                0x0000000060006724                LPUART8_IRQHandler
 .text.LPI2C1_IRQHandler
                0x000000006000672c        0x8 ./startup/startup_mimxrt1021.o
                0x000000006000672c                LPI2C1_IRQHandler
 .text.LPI2C2_IRQHandler
                0x0000000060006734        0x8 ./startup/startup_mimxrt1021.o
                0x0000000060006734                LPI2C2_IRQHandler
 .text.LPI2C3_IRQHandler
                0x000000006000673c        0x8 ./startup/startup_mimxrt1021.o
                0x000000006000673c                LPI2C3_IRQHandler
 .text.LPI2C4_IRQHandler
                0x0000000060006744        0x8 ./startup/startup_mimxrt1021.o
                0x0000000060006744                LPI2C4_IRQHandler
 .text.LPSPI1_IRQHandler
                0x000000006000674c        0x8 ./startup/startup_mimxrt1021.o
                0x000000006000674c                LPSPI1_IRQHandler
 .text.LPSPI2_IRQHandler
                0x0000000060006754        0x8 ./startup/startup_mimxrt1021.o
                0x0000000060006754                LPSPI2_IRQHandler
 .text.LPSPI3_IRQHandler
                0x000000006000675c        0x8 ./startup/startup_mimxrt1021.o
                0x000000006000675c                LPSPI3_IRQHandler
 .text.LPSPI4_IRQHandler
                0x0000000060006764        0x8 ./startup/startup_mimxrt1021.o
                0x0000000060006764                LPSPI4_IRQHandler
 .text.CAN1_IRQHandler
                0x000000006000676c        0x8 ./startup/startup_mimxrt1021.o
                0x000000006000676c                CAN1_IRQHandler
 .text.CAN2_IRQHandler
                0x0000000060006774        0x8 ./startup/startup_mimxrt1021.o
                0x0000000060006774                CAN2_IRQHandler
 .text.FLEXRAM_IRQHandler
                0x000000006000677c        0x8 ./startup/startup_mimxrt1021.o
                0x000000006000677c                FLEXRAM_IRQHandler
 .text.KPP_IRQHandler
                0x0000000060006784        0x8 ./startup/startup_mimxrt1021.o
                0x0000000060006784                KPP_IRQHandler
 .text.Reserved56_IRQHandler
                0x000000006000678c        0x8 ./startup/startup_mimxrt1021.o
                0x000000006000678c                Reserved56_IRQHandler
 .text.GPR_IRQ_IRQHandler
                0x0000000060006794        0x8 ./startup/startup_mimxrt1021.o
                0x0000000060006794                GPR_IRQ_IRQHandler
 .text.Reserved58_IRQHandler
                0x000000006000679c        0x8 ./startup/startup_mimxrt1021.o
                0x000000006000679c                Reserved58_IRQHandler
 .text.Reserved59_IRQHandler
                0x00000000600067a4        0x8 ./startup/startup_mimxrt1021.o
                0x00000000600067a4                Reserved59_IRQHandler
 .text.Reserved60_IRQHandler
                0x00000000600067ac        0x8 ./startup/startup_mimxrt1021.o
                0x00000000600067ac                Reserved60_IRQHandler
 .text.WDOG2_IRQHandler
                0x00000000600067b4        0x8 ./startup/startup_mimxrt1021.o
                0x00000000600067b4                WDOG2_IRQHandler
 .text.SNVS_HP_WRAPPER_IRQHandler
                0x00000000600067bc        0x8 ./startup/startup_mimxrt1021.o
                0x00000000600067bc                SNVS_HP_WRAPPER_IRQHandler
 .text.SNVS_HP_WRAPPER_TZ_IRQHandler
                0x00000000600067c4        0x8 ./startup/startup_mimxrt1021.o
                0x00000000600067c4                SNVS_HP_WRAPPER_TZ_IRQHandler
 .text.SNVS_LP_HP_WRAPPER_IRQHandler
                0x00000000600067cc        0x8 ./startup/startup_mimxrt1021.o
                0x00000000600067cc                SNVS_LP_HP_WRAPPER_IRQHandler
 .text.CSU_IRQHandler
                0x00000000600067d4        0x8 ./startup/startup_mimxrt1021.o
                0x00000000600067d4                CSU_IRQHandler
 .text.DCP_IRQHandler
                0x00000000600067dc        0x8 ./startup/startup_mimxrt1021.o
                0x00000000600067dc                DCP_IRQHandler
 .text.DCP_VMI_IRQHandler
                0x00000000600067e4        0x8 ./startup/startup_mimxrt1021.o
                0x00000000600067e4                DCP_VMI_IRQHandler
 .text.Reserved68_IRQHandler
                0x00000000600067ec        0x8 ./startup/startup_mimxrt1021.o
                0x00000000600067ec                Reserved68_IRQHandler
 .text.TRNG_IRQHandler
                0x00000000600067f4        0x8 ./startup/startup_mimxrt1021.o
                0x00000000600067f4                TRNG_IRQHandler
 .text.Reserved70_IRQHandler
                0x00000000600067fc        0x8 ./startup/startup_mimxrt1021.o
                0x00000000600067fc                Reserved70_IRQHandler
 .text.BEE_IRQHandler
                0x0000000060006804        0x8 ./startup/startup_mimxrt1021.o
                0x0000000060006804                BEE_IRQHandler
 .text.SAI1_IRQHandler
                0x000000006000680c        0x8 ./startup/startup_mimxrt1021.o
                0x000000006000680c                SAI1_IRQHandler
 .text.SAI2_IRQHandler
                0x0000000060006814        0x8 ./startup/startup_mimxrt1021.o
                0x0000000060006814                SAI2_IRQHandler
 .text.SAI3_RX_IRQHandler
                0x000000006000681c        0x8 ./startup/startup_mimxrt1021.o
                0x000000006000681c                SAI3_RX_IRQHandler
 .text.SAI3_TX_IRQHandler
                0x0000000060006824        0x8 ./startup/startup_mimxrt1021.o
                0x0000000060006824                SAI3_TX_IRQHandler
 .text.SPDIF_IRQHandler
                0x000000006000682c        0x8 ./startup/startup_mimxrt1021.o
                0x000000006000682c                SPDIF_IRQHandler
 .text.PMU_IRQHandler
                0x0000000060006834        0x8 ./startup/startup_mimxrt1021.o
                0x0000000060006834                PMU_IRQHandler
 .text.Reserved78_IRQHandler
                0x000000006000683c        0x8 ./startup/startup_mimxrt1021.o
                0x000000006000683c                Reserved78_IRQHandler
 .text.TEMP_LOW_HIGH_IRQHandler
                0x0000000060006844        0x8 ./startup/startup_mimxrt1021.o
                0x0000000060006844                TEMP_LOW_HIGH_IRQHandler
 .text.TEMP_PANIC_IRQHandler
                0x000000006000684c        0x8 ./startup/startup_mimxrt1021.o
                0x000000006000684c                TEMP_PANIC_IRQHandler
 .text.USB_PHY_IRQHandler
                0x0000000060006854        0x8 ./startup/startup_mimxrt1021.o
                0x0000000060006854                USB_PHY_IRQHandler
 .text.Reserved82_IRQHandler
                0x000000006000685c        0x8 ./startup/startup_mimxrt1021.o
                0x000000006000685c                Reserved82_IRQHandler
 .text.ADC1_IRQHandler
                0x0000000060006864        0x8 ./startup/startup_mimxrt1021.o
                0x0000000060006864                ADC1_IRQHandler
 .text.ADC2_IRQHandler
                0x000000006000686c        0x8 ./startup/startup_mimxrt1021.o
                0x000000006000686c                ADC2_IRQHandler
 .text.DCDC_IRQHandler
                0x0000000060006874        0x8 ./startup/startup_mimxrt1021.o
                0x0000000060006874                DCDC_IRQHandler
 .text.Reserved86_IRQHandler
                0x000000006000687c        0x8 ./startup/startup_mimxrt1021.o
                0x000000006000687c                Reserved86_IRQHandler
 .text.Reserved87_IRQHandler
                0x0000000060006884        0x8 ./startup/startup_mimxrt1021.o
                0x0000000060006884                Reserved87_IRQHandler
 .text.GPIO1_INT0_IRQHandler
                0x000000006000688c        0x8 ./startup/startup_mimxrt1021.o
                0x000000006000688c                GPIO1_INT0_IRQHandler
 .text.GPIO1_INT1_IRQHandler
                0x0000000060006894        0x8 ./startup/startup_mimxrt1021.o
                0x0000000060006894                GPIO1_INT1_IRQHandler
 .text.GPIO1_INT2_IRQHandler
                0x000000006000689c        0x8 ./startup/startup_mimxrt1021.o
                0x000000006000689c                GPIO1_INT2_IRQHandler
 .text.GPIO1_INT3_IRQHandler
                0x00000000600068a4        0x8 ./startup/startup_mimxrt1021.o
                0x00000000600068a4                GPIO1_INT3_IRQHandler
 .text.GPIO1_INT4_IRQHandler
                0x00000000600068ac        0x8 ./startup/startup_mimxrt1021.o
                0x00000000600068ac                GPIO1_INT4_IRQHandler
 .text.GPIO1_INT5_IRQHandler
                0x00000000600068b4        0x8 ./startup/startup_mimxrt1021.o
                0x00000000600068b4                GPIO1_INT5_IRQHandler
 .text.GPIO1_INT6_IRQHandler
                0x00000000600068bc        0x8 ./startup/startup_mimxrt1021.o
                0x00000000600068bc                GPIO1_INT6_IRQHandler
 .text.GPIO1_INT7_IRQHandler
                0x00000000600068c4        0x8 ./startup/startup_mimxrt1021.o
                0x00000000600068c4                GPIO1_INT7_IRQHandler
 .text.GPIO2_Combined_0_15_IRQHandler
                0x00000000600068cc        0x8 ./startup/startup_mimxrt1021.o
                0x00000000600068cc                GPIO2_Combined_0_15_IRQHandler
 .text.GPIO2_Combined_16_31_IRQHandler
                0x00000000600068d4        0x8 ./startup/startup_mimxrt1021.o
                0x00000000600068d4                GPIO2_Combined_16_31_IRQHandler
 .text.GPIO3_Combined_0_15_IRQHandler
                0x00000000600068dc        0x8 ./startup/startup_mimxrt1021.o
                0x00000000600068dc                GPIO3_Combined_0_15_IRQHandler
 .text.GPIO3_Combined_16_31_IRQHandler
                0x00000000600068e4        0x8 ./startup/startup_mimxrt1021.o
                0x00000000600068e4                GPIO3_Combined_16_31_IRQHandler
 .text.Reserved102_IRQHandler
                0x00000000600068ec        0x8 ./startup/startup_mimxrt1021.o
                0x00000000600068ec                Reserved102_IRQHandler
 .text.Reserved103_IRQHandler
                0x00000000600068f4        0x8 ./startup/startup_mimxrt1021.o
                0x00000000600068f4                Reserved103_IRQHandler
 .text.GPIO5_Combined_0_15_IRQHandler
                0x00000000600068fc        0x8 ./startup/startup_mimxrt1021.o
                0x00000000600068fc                GPIO5_Combined_0_15_IRQHandler
 .text.GPIO5_Combined_16_31_IRQHandler
                0x0000000060006904        0x8 ./startup/startup_mimxrt1021.o
                0x0000000060006904                GPIO5_Combined_16_31_IRQHandler
 .text.FLEXIO1_IRQHandler
                0x000000006000690c        0x8 ./startup/startup_mimxrt1021.o
                0x000000006000690c                FLEXIO1_IRQHandler
 .text.Reserved107_IRQHandler
                0x0000000060006914        0x8 ./startup/startup_mimxrt1021.o
                0x0000000060006914                Reserved107_IRQHandler
 .text.WDOG1_IRQHandler
                0x000000006000691c        0x8 ./startup/startup_mimxrt1021.o
                0x000000006000691c                WDOG1_IRQHandler
 .text.RTWDOG_IRQHandler
                0x0000000060006924        0x8 ./startup/startup_mimxrt1021.o
                0x0000000060006924                RTWDOG_IRQHandler
 .text.EWM_IRQHandler
                0x000000006000692c        0x8 ./startup/startup_mimxrt1021.o
                0x000000006000692c                EWM_IRQHandler
 .text.CCM_1_IRQHandler
                0x0000000060006934        0x8 ./startup/startup_mimxrt1021.o
                0x0000000060006934                CCM_1_IRQHandler
 .text.CCM_2_IRQHandler
                0x000000006000693c        0x8 ./startup/startup_mimxrt1021.o
                0x000000006000693c                CCM_2_IRQHandler
 .text.GPC_IRQHandler
                0x0000000060006944        0x8 ./startup/startup_mimxrt1021.o
                0x0000000060006944                GPC_IRQHandler
 .text.SRC_IRQHandler
                0x000000006000694c        0x8 ./startup/startup_mimxrt1021.o
                0x000000006000694c                SRC_IRQHandler
 .text.Reserved115_IRQHandler
                0x0000000060006954        0x8 ./startup/startup_mimxrt1021.o
                0x0000000060006954                Reserved115_IRQHandler
 .text.GPT2_IRQHandler
                0x000000006000695c        0x8 ./startup/startup_mimxrt1021.o
                0x000000006000695c                GPT2_IRQHandler
 .text.PWM1_0_IRQHandler
                0x0000000060006964        0x8 ./startup/startup_mimxrt1021.o
                0x0000000060006964                PWM1_0_IRQHandler
 .text.PWM1_1_IRQHandler
                0x000000006000696c        0x8 ./startup/startup_mimxrt1021.o
                0x000000006000696c                PWM1_1_IRQHandler
 .text.PWM1_2_IRQHandler
                0x0000000060006974        0x8 ./startup/startup_mimxrt1021.o
                0x0000000060006974                PWM1_2_IRQHandler
 .text.PWM1_3_IRQHandler
                0x000000006000697c        0x8 ./startup/startup_mimxrt1021.o
                0x000000006000697c                PWM1_3_IRQHandler
 .text.PWM1_FAULT_IRQHandler
                0x0000000060006984        0x8 ./startup/startup_mimxrt1021.o
                0x0000000060006984                PWM1_FAULT_IRQHandler
 .text.Reserved123_IRQHandler
                0x000000006000698c        0x8 ./startup/startup_mimxrt1021.o
                0x000000006000698c                Reserved123_IRQHandler
 .text.FLEXSPI_IRQHandler
                0x0000000060006994        0x8 ./startup/startup_mimxrt1021.o
                0x0000000060006994                FLEXSPI_IRQHandler
 .text.SEMC_IRQHandler
                0x000000006000699c        0x8 ./startup/startup_mimxrt1021.o
                0x000000006000699c                SEMC_IRQHandler
 .text.USDHC1_IRQHandler
                0x00000000600069a4        0x8 ./startup/startup_mimxrt1021.o
                0x00000000600069a4                USDHC1_IRQHandler
 .text.USDHC2_IRQHandler
                0x00000000600069ac        0x8 ./startup/startup_mimxrt1021.o
                0x00000000600069ac                USDHC2_IRQHandler
 .text.Reserved128_IRQHandler
                0x00000000600069b4        0x8 ./startup/startup_mimxrt1021.o
                0x00000000600069b4                Reserved128_IRQHandler
 .text.USB_OTG1_IRQHandler
                0x00000000600069bc        0x8 ./startup/startup_mimxrt1021.o
                0x00000000600069bc                USB_OTG1_IRQHandler
 .text.ENET_IRQHandler
                0x00000000600069c4        0x8 ./startup/startup_mimxrt1021.o
                0x00000000600069c4                ENET_IRQHandler
 .text.ENET_1588_Timer_IRQHandler
                0x00000000600069cc        0x8 ./startup/startup_mimxrt1021.o
                0x00000000600069cc                ENET_1588_Timer_IRQHandler
 .text.XBAR1_IRQ_0_1_IRQHandler
                0x00000000600069d4        0x8 ./startup/startup_mimxrt1021.o
                0x00000000600069d4                XBAR1_IRQ_0_1_IRQHandler
 .text.XBAR1_IRQ_2_3_IRQHandler
                0x00000000600069dc        0x8 ./startup/startup_mimxrt1021.o
                0x00000000600069dc                XBAR1_IRQ_2_3_IRQHandler
 .text.ADC_ETC_IRQ0_IRQHandler
                0x00000000600069e4        0x8 ./startup/startup_mimxrt1021.o
                0x00000000600069e4                ADC_ETC_IRQ0_IRQHandler
 .text.ADC_ETC_IRQ1_IRQHandler
                0x00000000600069ec        0x8 ./startup/startup_mimxrt1021.o
                0x00000000600069ec                ADC_ETC_IRQ1_IRQHandler
 .text.ADC_ETC_IRQ2_IRQHandler
                0x00000000600069f4        0x8 ./startup/startup_mimxrt1021.o
                0x00000000600069f4                ADC_ETC_IRQ2_IRQHandler
 .text.ADC_ETC_ERROR_IRQ_IRQHandler
                0x00000000600069fc        0x8 ./startup/startup_mimxrt1021.o
                0x00000000600069fc                ADC_ETC_ERROR_IRQ_IRQHandler
 .text.PIT_IRQHandler
                0x0000000060006a04        0x8 ./startup/startup_mimxrt1021.o
                0x0000000060006a04                PIT_IRQHandler
 .text.ACMP1_IRQHandler
                0x0000000060006a0c        0x8 ./startup/startup_mimxrt1021.o
                0x0000000060006a0c                ACMP1_IRQHandler
 .text.ACMP2_IRQHandler
                0x0000000060006a14        0x8 ./startup/startup_mimxrt1021.o
                0x0000000060006a14                ACMP2_IRQHandler
 .text.ACMP3_IRQHandler
                0x0000000060006a1c        0x8 ./startup/startup_mimxrt1021.o
                0x0000000060006a1c                ACMP3_IRQHandler
 .text.ACMP4_IRQHandler
                0x0000000060006a24        0x8 ./startup/startup_mimxrt1021.o
                0x0000000060006a24                ACMP4_IRQHandler
 .text.Reserved143_IRQHandler
                0x0000000060006a2c        0x8 ./startup/startup_mimxrt1021.o
                0x0000000060006a2c                Reserved143_IRQHandler
 .text.Reserved144_IRQHandler
                0x0000000060006a34        0x8 ./startup/startup_mimxrt1021.o
                0x0000000060006a34                Reserved144_IRQHandler
 .text.ENC1_IRQHandler
                0x0000000060006a3c        0x8 ./startup/startup_mimxrt1021.o
                0x0000000060006a3c                ENC1_IRQHandler
 .text.ENC2_IRQHandler
                0x0000000060006a44        0x8 ./startup/startup_mimxrt1021.o
                0x0000000060006a44                ENC2_IRQHandler
 .text.Reserved147_IRQHandler
                0x0000000060006a4c        0x8 ./startup/startup_mimxrt1021.o
                0x0000000060006a4c                Reserved147_IRQHandler
 .text.Reserved148_IRQHandler
                0x0000000060006a54        0x8 ./startup/startup_mimxrt1021.o
                0x0000000060006a54                Reserved148_IRQHandler
 .text.TMR1_IRQHandler
                0x0000000060006a5c        0x8 ./startup/startup_mimxrt1021.o
                0x0000000060006a5c                TMR1_IRQHandler
 .text.TMR2_IRQHandler
                0x0000000060006a64        0x8 ./startup/startup_mimxrt1021.o
                0x0000000060006a64                TMR2_IRQHandler
 .text.Reserved151_IRQHandler
                0x0000000060006a6c        0x8 ./startup/startup_mimxrt1021.o
                0x0000000060006a6c                Reserved151_IRQHandler
 .text.Reserved152_IRQHandler
                0x0000000060006a74        0x8 ./startup/startup_mimxrt1021.o
                0x0000000060006a74                Reserved152_IRQHandler
 .text.PWM2_0_IRQHandler
                0x0000000060006a7c        0x8 ./startup/startup_mimxrt1021.o
                0x0000000060006a7c                PWM2_0_IRQHandler
 .text.PWM2_1_IRQHandler
                0x0000000060006a84        0x8 ./startup/startup_mimxrt1021.o
                0x0000000060006a84                PWM2_1_IRQHandler
 .text.PWM2_2_IRQHandler
                0x0000000060006a8c        0x8 ./startup/startup_mimxrt1021.o
                0x0000000060006a8c                PWM2_2_IRQHandler
 .text.PWM2_3_IRQHandler
                0x0000000060006a94        0x8 ./startup/startup_mimxrt1021.o
                0x0000000060006a94                PWM2_3_IRQHandler
 .text.PWM2_FAULT_IRQHandler
                0x0000000060006a9c        0x8 ./startup/startup_mimxrt1021.o
                0x0000000060006a9c                PWM2_FAULT_IRQHandler
 .text.HardFault_Handler
                0x0000000060006aa4       0x2c ./source/semihost_hardfault.o
                0x0000000060006aa4                HardFault_Handler
 .text.EnableIRQ
                0x0000000060006ad0       0x32 ./drivers/amc/hc_sr04.o
 .text.GPIO_PortEnableInterrupts
                0x0000000060006b02       0x22 ./drivers/amc/hc_sr04.o
 .text.GPIO_PortClearInterruptFlags
                0x0000000060006b24       0x1c ./drivers/amc/hc_sr04.o
 .text.GPIO1_Combined_0_15_IRQHandler
                0x0000000060006b40        0xc ./drivers/amc/hc_sr04.o
                0x0000000060006b40                GPIO1_Combined_0_15_IRQHandler
 .text.GPIO1_Combined_16_31_IRQHandler
                0x0000000060006b4c        0xc ./drivers/amc/hc_sr04.o
                0x0000000060006b4c                GPIO1_Combined_16_31_IRQHandler
 .text.HC_SR04_initialize
                0x0000000060006b58       0x14 ./drivers/amc/hc_sr04.o
                0x0000000060006b58                HC_SR04_initialize
 .text.MAX7219_display1Digit
                0x0000000060006b6c       0x1e ./drivers/amc/max7219.o
                0x0000000060006b6c                MAX7219_display1Digit
 .text.EnableIRQ
                0x0000000060006b8a       0x32 ./drivers/amc/time.o
 .text.GPT_StartTimer
                0x0000000060006bbc       0x20 ./drivers/amc/time.o
 .text.GPT_EnableInterrupts
                0x0000000060006bdc       0x22 ./drivers/amc/time.o
 .text.GPT_ClearStatusFlags
                0x0000000060006bfe       0x1e ./drivers/amc/time.o
 .text.CLOCK_EnableClock
                0x0000000060006c1c       0x1e ./drivers/fsl_gpio.o
 .text.GPIO_SetPinInterruptConfig
                0x0000000060006c3a       0x22 ./drivers/fsl_gpio.o
 .text.CLOCK_EnableClock
                0x0000000060006c5c       0x1e ./drivers/fsl_gpt.o
 .text.GPT_SoftwareReset
                0x0000000060006c7a       0x32 ./drivers/fsl_gpt.o
 .text.GPT_SetClockSource
                0x0000000060006cac       0x50 ./drivers/fsl_gpt.o
 .text.CLOCK_EnableClock
                0x0000000060006cfc       0x1e ./drivers/fsl_lpspi.o
 .text.LPSPI_Enable
                0x0000000060006d1a       0x38 ./drivers/fsl_lpspi.o
 .text.LPSPI_GetStatusFlags
                0x0000000060006d52       0x18 ./drivers/fsl_lpspi.o
 .text.LPSPI_GetRxFifoSize
                0x0000000060006d6a       0x24 ./drivers/fsl_lpspi.o
 .text.LPSPI_GetTxFifoCount
                0x0000000060006d8e       0x1c ./drivers/fsl_lpspi.o
 .text.LPSPI_GetRxFifoCount
                0x0000000060006daa       0x1e ./drivers/fsl_lpspi.o
 .text.LPSPI_ClearStatusFlags
                0x0000000060006dc8       0x1c ./drivers/fsl_lpspi.o
 .text.LPSPI_SetMasterSlaveMode
                0x0000000060006de4       0x2c ./drivers/fsl_lpspi.o
 .text.LPSPI_IsMaster
                0x0000000060006e10       0x26 ./drivers/fsl_lpspi.o
 .text.LPSPI_FlushFifo
                0x0000000060006e36       0x30 ./drivers/fsl_lpspi.o
 .text.LPSPI_SetFifoWatermarks
                0x0000000060006e66       0x2c ./drivers/fsl_lpspi.o
 .text.LPSPI_WriteData
                0x0000000060006e92       0x1c ./drivers/fsl_lpspi.o
 .text.LPSPI_ReadData
                0x0000000060006eae       0x18 ./drivers/fsl_lpspi.o
 .text.LPSPI_SetOnePcsPolarity
                0x0000000060006ec6       0x44 ./drivers/fsl_lpspi.o
 .text.CLOCK_EnableClock
                0x0000000060006f0a       0x1e ./drivers/fsl_lpuart.o
 .text.LPUART_SoftwareReset
                0x0000000060006f28       0x2c ./drivers/fsl_lpuart.o
 .text.SystemInitHook
                0x0000000060006f54        0xe ./device/system_MIMXRT1021.o
                0x0000000060006f54                SystemInitHook
 .text.CLOCK_DisableClock
                0x0000000060006f62       0x1e ./board/clock_config.o
 .text.CLOCK_SetPllBypass
                0x0000000060006f80       0x4e ./board/clock_config.o
 .text.IOMUXC_SetSaiMClkClockSource
                0x0000000060006fce       0x6c ./board/clock_config.o
 .text.BOARD_InitBootClocks
                0x000000006000703a        0xc ./board/clock_config.o
                0x000000006000703a                BOARD_InitBootClocks
 .text.BOARD_InitPeripherals
                0x0000000060007046        0xe ./board/peripherals.o
                0x0000000060007046                BOARD_InitPeripherals
 .text.BOARD_InitBootPeripherals
                0x0000000060007054        0xc ./board/peripherals.o
                0x0000000060007054                BOARD_InitBootPeripherals
 .text.CLOCK_EnableClock
                0x0000000060007060       0x1e ./board/pin_mux.o
 .text.IOMUXC_SetPinMux
                0x000000006000707e       0x3a ./board/pin_mux.o
 .text.IOMUXC_SetPinConfig
                0x00000000600070b8       0x26 ./board/pin_mux.o
 .text.BOARD_InitBootPins
                0x00000000600070de        0xc ./board/pin_mux.o
                0x00000000600070de                BOARD_InitBootPins
 .text.__main   0x00000000600070ea        0xe /usr/local/mcuxpressoide-11.3.1_5262/ide/plugins/com.nxp.mcuxpresso.tools.linux_11.3.0.202011031536/tools/bin/../lib/gcc/arm-none-eabi/9.3.1/../../../../arm-none-eabi/lib/thumb/v7e-m+fp/hard/libcr_semihost_nf.a(_cr__main.o)
                0x00000000600070ea                __main
                0x00000000600070ea                __CR_SEMIHOST
 .text.memset   0x00000000600070f8        0x4 /usr/local/mcuxpressoide-11.3.1_5262/ide/plugins/com.nxp.mcuxpresso.tools.linux_11.3.0.202011031536/tools/bin/../lib/gcc/arm-none-eabi/9.3.1/../../../../arm-none-eabi/lib/thumb/v7e-m+fp/hard/libcr_c.a(memset.o)
                0x00000000600070f8                memset
 .text._deferredlazyseek
                0x00000000600070fc       0x40 /usr/local/mcuxpressoide-11.3.1_5262/ide/plugins/com.nxp.mcuxpresso.tools.linux_11.3.0.202011031536/tools/bin/../lib/gcc/arm-none-eabi/9.3.1/../../../../arm-none-eabi/lib/thumb/v7e-m+fp/hard/libcr_c.a(_deferredlazyseek.o)
                0x00000000600070fc                _deferredlazyseek
 .text.__flsbuf
                0x000000006000713c      0x140 /usr/local/mcuxpressoide-11.3.1_5262/ide/plugins/com.nxp.mcuxpresso.tools.linux_11.3.0.202011031536/tools/bin/../lib/gcc/arm-none-eabi/9.3.1/../../../../arm-none-eabi/lib/thumb/v7e-m+fp/hard/libcr_c.a(_deferredlazyseek.o)
                0x000000006000713c                __flsbuf
 .text._fflush  0x000000006000727c       0x52 /usr/local/mcuxpressoide-11.3.1_5262/ide/plugins/com.nxp.mcuxpresso.tools.linux_11.3.0.202011031536/tools/bin/../lib/gcc/arm-none-eabi/9.3.1/../../../../arm-none-eabi/lib/thumb/v7e-m+fp/hard/libcr_c.a(_fflush.o)
                0x000000006000727c                _fflush
 .text.free     0x00000000600072ce       0x30 /usr/local/mcuxpressoide-11.3.1_5262/ide/plugins/com.nxp.mcuxpresso.tools.linux_11.3.0.202011031536/tools/bin/../lib/gcc/arm-none-eabi/9.3.1/../../../../arm-none-eabi/lib/thumb/v7e-m+fp/hard/libcr_c.a(alloc.o)
                0x00000000600072ce                free
 .text.fputs    0x00000000600072fe       0x2c /usr/local/mcuxpressoide-11.3.1_5262/ide/plugins/com.nxp.mcuxpresso.tools.linux_11.3.0.202011031536/tools/bin/../lib/gcc/arm-none-eabi/9.3.1/../../../../arm-none-eabi/lib/thumb/v7e-m+fp/hard/libcr_c.a(fputs.o)
                0x00000000600072fe                fputs
 .text.no_fp_display
                0x000000006000732a        0x4 /usr/local/mcuxpressoide-11.3.1_5262/ide/plugins/com.nxp.mcuxpresso.tools.linux_11.3.0.202011031536/tools/bin/../lib/gcc/arm-none-eabi/9.3.1/../../../../arm-none-eabi/lib/thumb/v7e-m+fp/hard/libcr_c.a(printf.o)
 .text.setvbuf  0x000000006000732e       0x3e /usr/local/mcuxpressoide-11.3.1_5262/ide/plugins/com.nxp.mcuxpresso.tools.linux_11.3.0.202011031536/tools/bin/../lib/gcc/arm-none-eabi/9.3.1/../../../../arm-none-eabi/lib/thumb/v7e-m+fp/hard/libcr_c.a(setvbuf.o)
                0x000000006000732e                setvbuf
 .text.strlen   0x000000006000736c       0x4c /usr/local/mcuxpressoide-11.3.1_5262/ide/plugins/com.nxp.mcuxpresso.tools.linux_11.3.0.202011031536/tools/bin/../lib/gcc/arm-none-eabi/9.3.1/../../../../arm-none-eabi/lib/thumb/v7e-m+fp/hard/libcr_c.a(strlen.o)
                0x000000006000736c                strlen
 .text._fdopen  0x00000000600073b8       0x68 /usr/local/mcuxpressoide-11.3.1_5262/ide/plugins/com.nxp.mcuxpresso.tools.linux_11.3.0.202011031536/tools/bin/../lib/gcc/arm-none-eabi/9.3.1/../../../../arm-none-eabi/lib/thumb/v7e-m+fp/hard/libcr_c.a(_fdopen.o)
                0x00000000600073b8                _fdopen
 .text.fclose   0x0000000060007420       0x58 /usr/local/mcuxpressoide-11.3.1_5262/ide/plugins/com.nxp.mcuxpresso.tools.linux_11.3.0.202011031536/tools/bin/../lib/gcc/arm-none-eabi/9.3.1/../../../../arm-none-eabi/lib/thumb/v7e-m+fp/hard/libcr_c.a(fclose.o)
                0x0000000060007420                fclose
 .text.remove   0x0000000060007478       0x14 /usr/local/mcuxpressoide-11.3.1_5262/ide/plugins/com.nxp.mcuxpresso.tools.linux_11.3.0.202011031536/tools/bin/../lib/gcc/arm-none-eabi/9.3.1/../../../../arm-none-eabi/lib/thumb/v7e-m+fp/hard/libcr_c.a(remove.o)
                0x0000000060007478                remove
 .text._do_fflush
                0x000000006000748c       0x40 /usr/local/mcuxpressoide-11.3.1_5262/ide/plugins/com.nxp.mcuxpresso.tools.linux_11.3.0.202011031536/tools/bin/../lib/gcc/arm-none-eabi/9.3.1/../../../../arm-none-eabi/lib/thumb/v7e-m+fp/hard/libcr_c.a(_do_fflush.o)
                0x000000006000748c                _do_fflush
 .text.__aeabi_division_uldivmod
                0x00000000600074cc      0x174 /usr/local/mcuxpressoide-11.3.1_5262/ide/plugins/com.nxp.mcuxpresso.tools.linux_11.3.0.202011031536/tools/bin/../lib/gcc/arm-none-eabi/9.3.1/thumb/v7e-m+fp/hard/libcr_eabihelpers.a(division_64.o)
                0x00000000600074cc                __aeabi_uldivmod
                0x00000000600074d0                __bhs_ldivmod1
 .text.__aeabi_division_idiv0
                0x0000000060007640        0x2 /usr/local/mcuxpressoide-11.3.1_5262/ide/plugins/com.nxp.mcuxpresso.tools.linux_11.3.0.202011031536/tools/bin/../lib/gcc/arm-none-eabi/9.3.1/thumb/v7e-m+fp/hard/libcr_eabihelpers.a(division_idiv0.o)
                0x0000000060007640                __aeabi_idiv0
 .text.__aeabi_memset_lowlevel
                0x0000000060007642       0x32 /usr/local/mcuxpressoide-11.3.1_5262/ide/plugins/com.nxp.mcuxpresso.tools.linux_11.3.0.202011031536/tools/bin/../lib/gcc/arm-none-eabi/9.3.1/thumb/v7e-m+fp/hard/libcr_eabihelpers.a(memcpy.o)
                0x0000000060007642                __aeabi_lowlevel_memset
 .text.__sys_close
                0x0000000060007674        0xc /usr/local/mcuxpressoide-11.3.1_5262/ide/plugins/com.nxp.mcuxpresso.tools.linux_11.3.0.202011031536/tools/bin/../lib/gcc/arm-none-eabi/9.3.1/../../../../arm-none-eabi/lib/thumb/v7e-m+fp/hard/libcr_semihost_nf.a(__sys_close.o)
                0x0000000060007674                __sys_close
 .text.__sys_flen
                0x0000000060007680        0xc /usr/local/mcuxpressoide-11.3.1_5262/ide/plugins/com.nxp.mcuxpresso.tools.linux_11.3.0.202011031536/tools/bin/../lib/gcc/arm-none-eabi/9.3.1/../../../../arm-none-eabi/lib/thumb/v7e-m+fp/hard/libcr_semihost_nf.a(__sys_flen.o)
                0x0000000060007680                __sys_flen
 .text.__sys_istty
                0x000000006000768c        0xc /usr/local/mcuxpressoide-11.3.1_5262/ide/plugins/com.nxp.mcuxpresso.tools.linux_11.3.0.202011031536/tools/bin/../lib/gcc/arm-none-eabi/9.3.1/../../../../arm-none-eabi/lib/thumb/v7e-m+fp/hard/libcr_semihost_nf.a(__sys_istty.o)
                0x000000006000768c                __sys_istty
 .text.__sys_remove
                0x0000000060007698        0xc /usr/local/mcuxpressoide-11.3.1_5262/ide/plugins/com.nxp.mcuxpresso.tools.linux_11.3.0.202011031536/tools/bin/../lib/gcc/arm-none-eabi/9.3.1/../../../../arm-none-eabi/lib/thumb/v7e-m+fp/hard/libcr_semihost_nf.a(__sys_remove.o)
                0x0000000060007698                __sys_remove
 .text.__sys_seek
                0x00000000600076a4        0xc /usr/local/mcuxpressoide-11.3.1_5262/ide/plugins/com.nxp.mcuxpresso.tools.linux_11.3.0.202011031536/tools/bin/../lib/gcc/arm-none-eabi/9.3.1/../../../../arm-none-eabi/lib/thumb/v7e-m+fp/hard/libcr_semihost_nf.a(__sys_seek.o)
                0x00000000600076a4                __sys_seek
 .text.__sys_tmpnam
                0x00000000600076b0        0xc /usr/local/mcuxpressoide-11.3.1_5262/ide/plugins/com.nxp.mcuxpresso.tools.linux_11.3.0.202011031536/tools/bin/../lib/gcc/arm-none-eabi/9.3.1/../../../../arm-none-eabi/lib/thumb/v7e-m+fp/hard/libcr_semihost_nf.a(__sys_tmpnam.o)
                0x00000000600076b0                __sys_tmpnam
 .text.__sys_write
                0x00000000600076bc        0xc /usr/local/mcuxpressoide-11.3.1_5262/ide/plugins/com.nxp.mcuxpresso.tools.linux_11.3.0.202011031536/tools/bin/../lib/gcc/arm-none-eabi/9.3.1/../../../../arm-none-eabi/lib/thumb/v7e-m+fp/hard/libcr_semihost_nf.a(__sys_write.o)
                0x00000000600076bc                __sys_write
 *(SORT_BY_ALIGNMENT(.rodata) SORT_BY_ALIGNMENT(.rodata.*) SORT_BY_ALIGNMENT(.constdata) SORT_BY_ALIGNMENT(.constdata.*))
 .rodata.main.str1.4
                0x00000000600076c8       0x3e ./source/MIMXRT1021_Project_DigitalBack.o
 *fill*         0x0000000060007706        0x2 ff
 .rodata.GPT_SetOutputOperationMode.str1.4
                0x0000000060007708       0x93 ./drivers/amc/time.o
 *fill*         0x000000006000779b        0x1 ff
 .rodata.GPT_SetOutputCompareValue.str1.4
                0x000000006000779c       0x93 ./drivers/amc/time.o
 *fill*         0x000000006000782f        0x1 ff
 .rodata.CLOCK_InitExternalClk.str1.4
                0x0000000060007830       0x22 ./drivers/fsl_clock.o
 *fill*         0x0000000060007852        0x2 ff
 .rodata.CLOCK_ControlGate.str1.4
                0x0000000060007854       0x21 ./drivers/fsl_gpio.o
 *fill*         0x0000000060007875        0x3 ff
 .rodata.s_gpioBases
                0x0000000060007878       0x18 ./drivers/fsl_gpio.o
 .rodata.s_gpioClock
                0x0000000060007890        0xc ./drivers/fsl_gpio.o
 .rodata.GPIO_GetInstance.str1.4
                0x000000006000789c       0x34 ./drivers/fsl_gpio.o
 .rodata.GPIO_PinWrite.str1.4
                0x00000000600078d0       0x1c ./drivers/fsl_gpio.o
 .rodata.CLOCK_ControlGate.str1.4
                0x00000000600078ec       0x21 ./drivers/fsl_gpt.o
 .rodata.GPT_SetClockDivider.str1.4
                0x00000000600078ec       0x37 ./drivers/fsl_gpt.o
 *fill*         0x0000000060007923        0x1 ff
 .rodata.s_gptBases
                0x0000000060007924        0xc ./drivers/fsl_gpt.o
 .rodata.s_gptClocks
                0x0000000060007930        0x6 ./drivers/fsl_gpt.o
 *fill*         0x0000000060007936        0x2 ff
 .rodata.GPT_GetInstance.str1.4
                0x0000000060007938       0x32 ./drivers/fsl_gpt.o
 *fill*         0x000000006000796a        0x2 ff
 .rodata.GPT_Init.str1.4
                0x000000006000796c       0x23 ./drivers/fsl_gpt.o
 *fill*         0x000000006000798f        0x1 ff
 .rodata.GPT_GetDefaultConfig.str1.4
                0x0000000060007990       0x20 ./drivers/fsl_gpt.o
 .rodata.CLOCK_ControlGate.str1.4
                0x00000000600079b0       0x21 ./drivers/fsl_lpspi.o
 .rodata.s_baudratePrescaler
                0x00000000600079b0        0x8 ./drivers/fsl_lpspi.o
 .rodata.s_lpspiBases
                0x00000000600079b8       0x14 ./drivers/fsl_lpspi.o
 .rodata.s_lpspiClocks
                0x00000000600079cc        0xa ./drivers/fsl_lpspi.o
 *fill*         0x00000000600079d6        0x2 ff
 .rodata.LPSPI_GetInstance.str1.4
                0x00000000600079d8       0x37 ./drivers/fsl_lpspi.o
 *fill*         0x0000000060007a0f        0x1 ff
 .rodata.LPSPI_MasterInit.str1.4
                0x0000000060007a10       0x28 ./drivers/fsl_lpspi.o
 .rodata.LPSPI_MasterGetDefaultConfig.str1.4
                0x0000000060007a38       0x28 ./drivers/fsl_lpspi.o
 .rodata.LPSPI_MasterSetBaudRate.str1.4
                0x0000000060007a60       0x2c ./drivers/fsl_lpspi.o
 .rodata.LPSPI_MasterSetDelayScaler.str1.4
                0x0000000060007a8c       0x19 ./drivers/fsl_lpspi.o
 *fill*         0x0000000060007aa5        0x3 ff
 .rodata.LPSPI_CheckTransferArgument.str1.4
                0x0000000060007aa8       0x24 ./drivers/fsl_lpspi.o
 .rodata.LPSPI_MasterTransferBlocking.str1.4
                0x0000000060007acc       0x24 ./drivers/fsl_lpspi.o
 .rodata.LPSPI_CombineWriteData.str1.4
                0x0000000060007af0       0x3e ./drivers/fsl_lpspi.o
 *fill*         0x0000000060007b2e        0x2 ff
 .rodata.LPSPI_SeparateReadData.str1.4
                0x0000000060007b30       0x3e ./drivers/fsl_lpspi.o
 *fill*         0x0000000060007b6e        0x2 ff
 .rodata.LPSPI1_DriverIRQHandler.str1.4
                0x0000000060007b70       0x2d ./drivers/fsl_lpspi.o
 *fill*         0x0000000060007b9d        0x3 ff
 .rodata.LPSPI2_DriverIRQHandler.str1.4
                0x0000000060007ba0       0x2d ./drivers/fsl_lpspi.o
 *fill*         0x0000000060007bcd        0x3 ff
 .rodata.LPSPI3_DriverIRQHandler.str1.4
                0x0000000060007bd0       0x2d ./drivers/fsl_lpspi.o
 *fill*         0x0000000060007bfd        0x3 ff
 .rodata.LPSPI4_DriverIRQHandler.str1.4
                0x0000000060007c00       0x2d ./drivers/fsl_lpspi.o
 .rodata.CLOCK_ControlGate.str1.4
                0x0000000060007c2d       0x21 ./drivers/fsl_lpuart.o
 *fill*         0x0000000060007c2d        0x3 ff
 .rodata.s_lpuartBases
                0x0000000060007c30       0x24 ./drivers/fsl_lpuart.o
 .rodata.s_lpuartClock
                0x0000000060007c54       0x12 ./drivers/fsl_lpuart.o
 *fill*         0x0000000060007c66        0x2 ff
 .rodata.LPUART_GetInstance.str1.4
                0x0000000060007c68       0x39 ./drivers/fsl_lpuart.o
 *fill*         0x0000000060007ca1        0x3 ff
 .rodata.LPUART_Init.str1.4
                0x0000000060007ca4      0x10c ./drivers/fsl_lpuart.o
 .rodata.LPUART_GetDefaultConfig.str1.4
                0x0000000060007db0       0x23 ./drivers/fsl_lpuart.o
 *fill*         0x0000000060007dd3        0x1 ff
 .rodata.LPUART_WriteBlocking.str1.4
                0x0000000060007dd4       0x21 ./drivers/fsl_lpuart.o
 *fill*         0x0000000060007df5        0x3 ff
 .rodata.CLOCK_SetMux.str1.4
                0x0000000060007df8       0x8d ./board/clock_config.o
 *fill*         0x0000000060007e85        0x3 ff
 .rodata.CLOCK_SetDiv.str1.4
                0x0000000060007e88       0x8d ./board/clock_config.o
 *fill*         0x0000000060007f15        0x3 ff
 .rodata.CLOCK_ControlGate.str1.4
                0x0000000060007f18       0x7c ./board/clock_config.o
 .rodata.sysPllConfig_BOARD_BootClockRUN
                0x0000000060007f94       0x14 ./board/clock_config.o
                0x0000000060007f94                sysPllConfig_BOARD_BootClockRUN
 .rodata.enetPllConfig_BOARD_BootClockRUN
                0x0000000060007fa8        0x5 ./board/clock_config.o
                0x0000000060007fa8                enetPllConfig_BOARD_BootClockRUN
 .rodata.CLOCK_ControlGate.str1.4
                0x0000000060007fad       0x7c ./board/pin_mux.o
 *fill*         0x0000000060007fad        0x3 ff
 .rodata.__num_Ciob_streams
                0x0000000060007fb0        0x4 /usr/local/mcuxpressoide-11.3.1_5262/ide/plugins/com.nxp.mcuxpresso.tools.linux_11.3.0.202011031536/tools/bin/../lib/gcc/arm-none-eabi/9.3.1/../../../../arm-none-eabi/lib/thumb/v7e-m+fp/hard/libcr_semihost_nf.a(__ciob.o)
                0x0000000060007fb0                __num_Ciob_streams
 .rodata.__assertion_failed.str1.1
                0x0000000060007fb4       0x15 /usr/local/mcuxpressoide-11.3.1_5262/ide/plugins/com.nxp.mcuxpresso.tools.linux_11.3.0.202011031536/tools/bin/../lib/gcc/arm-none-eabi/9.3.1/../../../../arm-none-eabi/lib/thumb/v7e-m+fp/hard/libcr_semihost_nf.a(_cr_assert.o)
 .rodata._Csys_alloc.str1.1
                0x0000000060007fc9       0x18 /usr/local/mcuxpressoide-11.3.1_5262/ide/plugins/com.nxp.mcuxpresso.tools.linux_11.3.0.202011031536/tools/bin/../lib/gcc/arm-none-eabi/9.3.1/../../../../arm-none-eabi/lib/thumb/v7e-m+fp/hard/libcr_c.a(alloc.o)
 .rodata._initio.str1.1
                0x0000000060007fe1        0x4 /usr/local/mcuxpressoide-11.3.1_5262/ide/plugins/com.nxp.mcuxpresso.tools.linux_11.3.0.202011031536/tools/bin/../lib/gcc/arm-none-eabi/9.3.1/../../../../arm-none-eabi/lib/thumb/v7e-m+fp/hard/libcr_c.a(initio.o)
 .rodata.__vfprintf.str1.1
                0x0000000060007fe5       0x35 /usr/local/mcuxpressoide-11.3.1_5262/ide/plugins/com.nxp.mcuxpresso.tools.linux_11.3.0.202011031536/tools/bin/../lib/gcc/arm-none-eabi/9.3.1/../../../../arm-none-eabi/lib/thumb/v7e-m+fp/hard/libcr_c.a(printf.o)
                                         0x38 (size before relaxing)
                0x000000006000801c                . = ALIGN (0x4)
 *fill*         0x000000006000801a        0x2 ff

.glue_7         0x000000006000801c        0x0
 .glue_7        0x000000006000801c        0x0 linker stubs

.glue_7t        0x000000006000801c        0x0
 .glue_7t       0x000000006000801c        0x0 linker stubs

.vfp11_veneer   0x000000006000801c        0x0
 .vfp11_veneer  0x000000006000801c        0x0 linker stubs

.v4_bx          0x000000006000801c        0x0
 .v4_bx         0x000000006000801c        0x0 linker stubs

.iplt           0x000000006000801c        0x0
 .iplt          0x000000006000801c        0x0 ./xip/evkmimxrt1020_flexspi_nor_config.o

.rel.dyn        0x000000006000801c        0x0
 .rel.iplt      0x000000006000801c        0x0 ./xip/evkmimxrt1020_flexspi_nor_config.o

.ARM.extab
 *(SORT_BY_ALIGNMENT(.ARM.extab*) SORT_BY_ALIGNMENT(.gnu.linkonce.armextab.*))

.ARM.exidx      0x000000006000801c        0x0
                0x000000006000801c                __exidx_start = .
 *(SORT_BY_ALIGNMENT(.ARM.exidx*) SORT_BY_ALIGNMENT(.gnu.linkonce.armexidx.*))
                0x000000006000801c                __exidx_end = .
                0x000000006000801c                _etext = .

.data_RAM2      0x0000000000000000        0x0 load address 0x000000006000801c
 FILL mask 0xff
                [!provide]                        PROVIDE (__start_data_RAM2 = .)
                [!provide]                        PROVIDE (__start_data_SRAM_ITC = .)
 *(SORT_BY_ALIGNMENT(.ramfunc.$RAM2))
 *(SORT_BY_ALIGNMENT(.ramfunc.$SRAM_ITC))
 *(SORT_BY_ALIGNMENT(.data.$RAM2))
 *(SORT_BY_ALIGNMENT(.data.$SRAM_ITC))
 *(SORT_BY_ALIGNMENT(.data.$RAM2.*))
 *(SORT_BY_ALIGNMENT(.data.$SRAM_ITC.*))
                0x0000000000000000                . = ALIGN (0x4)
                [!provide]                        PROVIDE (__end_data_RAM2 = .)
                [!provide]                        PROVIDE (__end_data_SRAM_ITC = .)

.data_RAM3      0x0000000020200000        0x0 load address 0x000000006000801c
 FILL mask 0xff
                [!provide]                        PROVIDE (__start_data_RAM3 = .)
                [!provide]                        PROVIDE (__start_data_SRAM_OC = .)
 *(SORT_BY_ALIGNMENT(.ramfunc.$RAM3))
 *(SORT_BY_ALIGNMENT(.ramfunc.$SRAM_OC))
 *(SORT_BY_ALIGNMENT(.data.$RAM3))
 *(SORT_BY_ALIGNMENT(.data.$SRAM_OC))
 *(SORT_BY_ALIGNMENT(.data.$RAM3.*))
 *(SORT_BY_ALIGNMENT(.data.$SRAM_OC.*))
                0x0000000020200000                . = ALIGN (0x4)
                [!provide]                        PROVIDE (__end_data_RAM3 = .)
                [!provide]                        PROVIDE (__end_data_SRAM_OC = .)

.data_RAM4      0x0000000080000000        0x0 load address 0x000000006000801c
 FILL mask 0xff
                [!provide]                        PROVIDE (__start_data_RAM4 = .)
                [!provide]                        PROVIDE (__start_data_BOARD_SDRAM = .)
 *(SORT_BY_ALIGNMENT(.ramfunc.$RAM4))
 *(SORT_BY_ALIGNMENT(.ramfunc.$BOARD_SDRAM))
 *(SORT_BY_ALIGNMENT(.data.$RAM4))
 *(SORT_BY_ALIGNMENT(.data.$BOARD_SDRAM))
 *(SORT_BY_ALIGNMENT(.data.$RAM4.*))
 *(SORT_BY_ALIGNMENT(.data.$BOARD_SDRAM.*))
                0x0000000080000000                . = ALIGN (0x4)
                [!provide]                        PROVIDE (__end_data_RAM4 = .)
                [!provide]                        PROVIDE (__end_data_BOARD_SDRAM = .)

.data_RAM5      0x0000000081e00000        0x0 load address 0x000000006000801c
 FILL mask 0xff
                [!provide]                        PROVIDE (__start_data_RAM5 = .)
                [!provide]                        PROVIDE (__start_data_NCACHE_REGION = .)
 *(SORT_BY_ALIGNMENT(.ramfunc.$RAM5))
 *(SORT_BY_ALIGNMENT(.ramfunc.$NCACHE_REGION))
 *(SORT_BY_ALIGNMENT(.data.$RAM5))
 *(SORT_BY_ALIGNMENT(.data.$NCACHE_REGION))
 *(SORT_BY_ALIGNMENT(.data.$RAM5.*))
 *(SORT_BY_ALIGNMENT(.data.$NCACHE_REGION.*))
                0x0000000081e00000                . = ALIGN (0x4)
                [!provide]                        PROVIDE (__end_data_RAM5 = .)
                [!provide]                        PROVIDE (__end_data_NCACHE_REGION = .)

.uninit_RESERVED
                0x0000000020000000        0x0
                0x0000000020000000                _start_uninit_RESERVED = .
 *(SORT_BY_ALIGNMENT(.bss.$RESERVED*))
                0x0000000020000000                . = ALIGN (0x4)
                0x0000000020000000                _end_uninit_RESERVED = .

.data           0x0000000020000000        0x8 load address 0x000000006000801c
 FILL mask 0xff
                0x0000000020000000                _data = .
                [!provide]                        PROVIDE (__start_data_RAM = .)
                [!provide]                        PROVIDE (__start_data_SRAM_DTC = .)
 *(SORT_BY_ALIGNMENT(vtable))
 *(SORT_BY_ALIGNMENT(.ramfunc*))
 *(SORT_BY_ALIGNMENT(CodeQuickAccess))
 *(SORT_BY_ALIGNMENT(DataQuickAccess))
 *(SORT_BY_ALIGNMENT(RamFunction))
 *(SORT_BY_ALIGNMENT(.data*))
 .data.SystemCoreClock
                0x0000000020000000        0x4 ./device/system_MIMXRT1021.o
                0x0000000020000000                SystemCoreClock
 .data.rising   0x0000000020000004        0x1 ./drivers/amc/hc_sr04.o
                0x0000000020000004                rising
                0x0000000020000008                . = ALIGN (0x4)
 *fill*         0x0000000020000005        0x3 ff
                0x0000000020000008                _edata = .
                [!provide]                        PROVIDE (__end_data_RAM = .)
                [!provide]                        PROVIDE (__end_data_SRAM_DTC = .)

.igot.plt       0x0000000020000008        0x0 load address 0x0000000060008024
 .igot.plt      0x0000000020000008        0x0 ./xip/evkmimxrt1020_flexspi_nor_config.o

.bss_RAM2       0x0000000000000000        0x0
                [!provide]                        PROVIDE (__start_bss_RAM2 = .)
                [!provide]                        PROVIDE (__start_bss_SRAM_ITC = .)
 *(SORT_BY_ALIGNMENT(.bss.$RAM2))
 *(SORT_BY_ALIGNMENT(.bss.$SRAM_ITC))
 *(SORT_BY_ALIGNMENT(.bss.$RAM2.*))
 *(SORT_BY_ALIGNMENT(.bss.$SRAM_ITC.*))
                0x0000000000000000                . = ALIGN ((. != 0x0)?0x4:0x1)
                [!provide]                        PROVIDE (__end_bss_RAM2 = .)
                [!provide]                        PROVIDE (__end_bss_SRAM_ITC = .)

.bss_RAM3       0x0000000020200000        0x0
                [!provide]                        PROVIDE (__start_bss_RAM3 = .)
                [!provide]                        PROVIDE (__start_bss_SRAM_OC = .)
 *(SORT_BY_ALIGNMENT(.bss.$RAM3))
 *(SORT_BY_ALIGNMENT(.bss.$SRAM_OC))
 *(SORT_BY_ALIGNMENT(.bss.$RAM3.*))
 *(SORT_BY_ALIGNMENT(.bss.$SRAM_OC.*))
                0x0000000020200000                . = ALIGN ((. != 0x0)?0x4:0x1)
                [!provide]                        PROVIDE (__end_bss_RAM3 = .)
                [!provide]                        PROVIDE (__end_bss_SRAM_OC = .)

.bss_RAM4       0x0000000080000000        0x0
                [!provide]                        PROVIDE (__start_bss_RAM4 = .)
                [!provide]                        PROVIDE (__start_bss_BOARD_SDRAM = .)
 *(SORT_BY_ALIGNMENT(.bss.$RAM4))
 *(SORT_BY_ALIGNMENT(.bss.$BOARD_SDRAM))
 *(SORT_BY_ALIGNMENT(.bss.$RAM4.*))
 *(SORT_BY_ALIGNMENT(.bss.$BOARD_SDRAM.*))
                0x0000000080000000                . = ALIGN ((. != 0x0)?0x4:0x1)
                [!provide]                        PROVIDE (__end_bss_RAM4 = .)
                [!provide]                        PROVIDE (__end_bss_BOARD_SDRAM = .)

.bss_RAM5       0x0000000081e00000        0x0
                [!provide]                        PROVIDE (__start_bss_RAM5 = .)
                [!provide]                        PROVIDE (__start_bss_NCACHE_REGION = .)
 *(SORT_BY_ALIGNMENT(.bss.$RAM5))
 *(SORT_BY_ALIGNMENT(.bss.$NCACHE_REGION))
 *(SORT_BY_ALIGNMENT(.bss.$RAM5.*))
 *(SORT_BY_ALIGNMENT(.bss.$NCACHE_REGION.*))
                0x0000000081e00000                . = ALIGN ((. != 0x0)?0x4:0x1)
                [!provide]                        PROVIDE (__end_bss_RAM5 = .)
                [!provide]                        PROVIDE (__end_bss_NCACHE_REGION = .)

.bss            0x0000000020000008      0x150
                0x0000000020000008                _bss = .
                [!provide]                        PROVIDE (__start_bss_RAM = .)
                [!provide]                        PROVIDE (__start_bss_SRAM_DTC = .)
 *(SORT_BY_ALIGNMENT(.bss*))
 .bss.HC_SR04_timerDuration
                0x0000000020000008        0x8 ./drivers/amc/hc_sr04.o
                0x0000000020000008                HC_SR04_timerDuration
 .bss.pin       0x0000000020000010        0x4 ./drivers/amc/hc_sr04.o
                0x0000000020000010                pin
 .bss.lpspiTransfer
                0x0000000020000014       0x10 ./drivers/amc/max7219.o
                0x0000000020000014                lpspiTransfer
 .bss.txData    0x0000000020000024       0x10 ./drivers/amc/max7219.o
                0x0000000020000024                txData
 .bss.tick_counter
                0x0000000020000034        0x4 ./drivers/amc/time.o
                0x0000000020000034                tick_counter
 .bss.timerDuration
                0x0000000020000038        0x8 ./drivers/amc/time.o
                0x0000000020000038                timerDuration
 .bss.g_xtalFreq
                0x0000000020000040        0x4 ./drivers/fsl_clock.o
                0x0000000020000040                g_xtalFreq
 .bss.g_rtcXtalFreq
                0x0000000020000044        0x4 ./drivers/fsl_clock.o
                0x0000000020000044                g_rtcXtalFreq
 .bss.s_lpspiHandle
                0x0000000020000048       0x14 ./drivers/fsl_lpspi.o
 .bss.s_lpspiMasterIsr
                0x000000002000005c        0x4 ./drivers/fsl_lpspi.o
 .bss.s_lpspiSlaveIsr
                0x0000000020000060        0x4 ./drivers/fsl_lpspi.o
 .bss.g_lpspiDummyData
                0x0000000020000064        0x5 ./drivers/fsl_lpspi.o
                0x0000000020000064                g_lpspiDummyData
 *fill*         0x0000000020000069        0x3 
 .bss.s_lpuartHandle
                0x000000002000006c       0x24 ./drivers/fsl_lpuart.o
 .bss.s_lpuartIsr
                0x0000000020000090        0x4 ./drivers/fsl_lpuart.o
 .bss.__Ciob    0x0000000020000094       0xb4 /usr/local/mcuxpressoide-11.3.1_5262/ide/plugins/com.nxp.mcuxpresso.tools.linux_11.3.0.202011031536/tools/bin/../lib/gcc/arm-none-eabi/9.3.1/../../../../arm-none-eabi/lib/thumb/v7e-m+fp/hard/libcr_semihost_nf.a(__ciob.o)
                0x0000000020000094                __Ciob
 .bss.errno     0x0000000020000148        0x4 /usr/local/mcuxpressoide-11.3.1_5262/ide/plugins/com.nxp.mcuxpresso.tools.linux_11.3.0.202011031536/tools/bin/../lib/gcc/arm-none-eabi/9.3.1/../../../../arm-none-eabi/lib/thumb/v7e-m+fp/hard/libcr_c.a(errno.o)
                0x0000000020000148                errno
 .bss.__end_of_heap
                0x000000002000014c        0x4 /usr/local/mcuxpressoide-11.3.1_5262/ide/plugins/com.nxp.mcuxpresso.tools.linux_11.3.0.202011031536/tools/bin/../lib/gcc/arm-none-eabi/9.3.1/../../../../arm-none-eabi/lib/thumb/v7e-m+fp/hard/libcr_c.a(__init_alloc.o)
                0x000000002000014c                __end_of_heap
 .bss.__heaps   0x0000000020000150        0x4 /usr/local/mcuxpressoide-11.3.1_5262/ide/plugins/com.nxp.mcuxpresso.tools.linux_11.3.0.202011031536/tools/bin/../lib/gcc/arm-none-eabi/9.3.1/../../../../arm-none-eabi/lib/thumb/v7e-m+fp/hard/libcr_c.a(__init_alloc.o)
                0x0000000020000150                __heaps
 .bss.wait      0x0000000020000154        0x1 ./drivers/amc/hc_sr04.o
                0x0000000020000154                wait
 .bss.timerEnabled
                0x0000000020000155        0x1 ./drivers/amc/time.o
                0x0000000020000155                timerEnabled
 *(SORT_BY_ALIGNMENT(COMMON))
                0x0000000020000158                . = ALIGN (0x4)
 *fill*         0x0000000020000156        0x2 
                0x0000000020000158                _ebss = .
                [!provide]                        PROVIDE (__end_bss_RAM = .)
                [!provide]                        PROVIDE (__end_bss_SRAM_DTC = .)
                [!provide]                        PROVIDE (end = .)

.noinit_RAM2    0x0000000000000000        0x0
                [!provide]                        PROVIDE (__start_noinit_RAM2 = .)
                [!provide]                        PROVIDE (__start_noinit_SRAM_ITC = .)
 *(SORT_BY_ALIGNMENT(.noinit.$RAM2))
 *(SORT_BY_ALIGNMENT(.noinit.$SRAM_ITC))
 *(SORT_BY_ALIGNMENT(.noinit.$RAM2.*))
 *(SORT_BY_ALIGNMENT(.noinit.$SRAM_ITC.*))
                0x0000000000000000                . = ALIGN (0x4)
                [!provide]                        PROVIDE (__end_noinit_RAM2 = .)
                [!provide]                        PROVIDE (__end_noinit_SRAM_ITC = .)

.noinit_RAM3    0x0000000020200000        0x0
                [!provide]                        PROVIDE (__start_noinit_RAM3 = .)
                [!provide]                        PROVIDE (__start_noinit_SRAM_OC = .)
 *(SORT_BY_ALIGNMENT(.noinit.$RAM3))
 *(SORT_BY_ALIGNMENT(.noinit.$SRAM_OC))
 *(SORT_BY_ALIGNMENT(.noinit.$RAM3.*))
 *(SORT_BY_ALIGNMENT(.noinit.$SRAM_OC.*))
                0x0000000020200000                . = ALIGN (0x4)
                [!provide]                        PROVIDE (__end_noinit_RAM3 = .)
                [!provide]                        PROVIDE (__end_noinit_SRAM_OC = .)

.noinit_RAM4    0x0000000080000000        0x0
                [!provide]                        PROVIDE (__start_noinit_RAM4 = .)
                [!provide]                        PROVIDE (__start_noinit_BOARD_SDRAM = .)
 *(SORT_BY_ALIGNMENT(.noinit.$RAM4))
 *(SORT_BY_ALIGNMENT(.noinit.$BOARD_SDRAM))
 *(SORT_BY_ALIGNMENT(.noinit.$RAM4.*))
 *(SORT_BY_ALIGNMENT(.noinit.$BOARD_SDRAM.*))
                0x0000000080000000                . = ALIGN (0x4)
                [!provide]                        PROVIDE (__end_noinit_RAM4 = .)
                [!provide]                        PROVIDE (__end_noinit_BOARD_SDRAM = .)

.noinit_RAM5    0x0000000081e00000        0x0
                [!provide]                        PROVIDE (__start_noinit_RAM5 = .)
                [!provide]                        PROVIDE (__start_noinit_NCACHE_REGION = .)
 *(SORT_BY_ALIGNMENT(.noinit.$RAM5))
 *(SORT_BY_ALIGNMENT(.noinit.$NCACHE_REGION))
 *(SORT_BY_ALIGNMENT(.noinit.$RAM5.*))
 *(SORT_BY_ALIGNMENT(.noinit.$NCACHE_REGION.*))
                0x0000000081e00000                . = ALIGN (0x4)
                [!provide]                        PROVIDE (__end_noinit_RAM5 = .)
                [!provide]                        PROVIDE (__end_noinit_NCACHE_REGION = .)

.noinit         0x0000000020000158        0x0
                0x0000000020000158                _noinit = .
                [!provide]                        PROVIDE (__start_noinit_RAM = .)
                [!provide]                        PROVIDE (__start_noinit_SRAM_DTC = .)
 *(SORT_BY_ALIGNMENT(.noinit*))